Jan 05 21:09:27 steamdeck kernel: Linux version 6.1.52-valve14-1-neptune-61 (linux-neptune-61@archlinux) (gcc (GCC) 13.1.1 20230429, GNU ld (GNU Binutils) 2.40.0) #1 SMP PREEMPT_DYNAMIC Thu, 04 Jan 2024 23:31:22 +0000
Jan 05 21:09:27 steamdeck kernel: Command line: BOOT_IMAGE=/boot/vmlinuz-linux-neptune-61 console=tty1 rd.luks=0 rd.lvm=0 rd.md=0 rd.dm=0 rd.systemd.gpt_auto=no module_blacklist=tpm log_buf_len=4M amd_iommu=off amdgpu.gttsize=8128 spi_amd.speed_dev=1 audit=0 fbcon=rotate:1 loglevel=3 splash quiet plymouth.ignore-serial-consoles fbcon=vc:4-6 steamos.efi=PARTUUID=c36da016-b2df-4e99-890c-aae4a1c0380e
Jan 05 21:09:27 steamdeck kernel: BIOS-provided physical RAM map:
Jan 05 21:09:27 steamdeck kernel: BIOS-e820: [mem 0x0000000000000000-0x000000000009efff] usable
Jan 05 21:09:27 steamdeck kernel: BIOS-e820: [mem 0x000000000009f000-0x00000000000bffff] reserved
Jan 05 21:09:27 steamdeck kernel: BIOS-e820: [mem 0x0000000000100000-0x0000000009afffff] usable
Jan 05 21:09:27 steamdeck kernel: BIOS-e820: [mem 0x0000000009b00000-0x0000000009dfffff] reserved
Jan 05 21:09:27 steamdeck kernel: BIOS-e820: [mem 0x0000000009e00000-0x0000000009efffff] usable
Jan 05 21:09:27 steamdeck kernel: BIOS-e820: [mem 0x0000000009f00000-0x0000000009f13fff] ACPI NVS
Jan 05 21:09:27 steamdeck kernel: BIOS-e820: [mem 0x0000000009f14000-0x000000006b367fff] usable
Jan 05 21:09:27 steamdeck kernel: BIOS-e820: [mem 0x000000006b368000-0x000000006c567fff] reserved
Jan 05 21:09:27 steamdeck kernel: BIOS-e820: [mem 0x000000006c568000-0x000000006c56efff] usable
Jan 05 21:09:27 steamdeck kernel: BIOS-e820: [mem 0x000000006c56f000-0x000000006c56ffff] reserved
Jan 05 21:09:27 steamdeck kernel: BIOS-e820: [mem 0x000000006c570000-0x000000007877efff] usable
Jan 05 21:09:27 steamdeck kernel: BIOS-e820: [mem 0x000000007877f000-0x0000000078f7efff] type 20
Jan 05 21:09:27 steamdeck kernel: BIOS-e820: [mem 0x0000000078f7f000-0x000000007af7efff] reserved
Jan 05 21:09:27 steamdeck kernel: BIOS-e820: [mem 0x000000007af7f000-0x000000007cf7efff] ACPI NVS
Jan 05 21:09:27 steamdeck kernel: BIOS-e820: [mem 0x000000007cf7f000-0x000000007cffefff] ACPI data
Jan 05 21:09:27 steamdeck kernel: BIOS-e820: [mem 0x000000007cfff000-0x000000007cffffff] usable
Jan 05 21:09:27 steamdeck kernel: BIOS-e820: [mem 0x000000007d000000-0x000000007dffffff] reserved
Jan 05 21:09:27 steamdeck kernel: BIOS-e820: [mem 0x000000007f000000-0x000000007fffffff] reserved
Jan 05 21:09:27 steamdeck kernel: BIOS-e820: [mem 0x00000000a0000000-0x00000000a00fffff] reserved
Jan 05 21:09:27 steamdeck kernel: BIOS-e820: [mem 0x00000000f8000000-0x00000000fbffffff] reserved
Jan 05 21:09:27 steamdeck kernel: BIOS-e820: [mem 0x00000000fec00000-0x00000000fec01fff] reserved
Jan 05 21:09:27 steamdeck kernel: BIOS-e820: [mem 0x00000000fec10000-0x00000000fec10fff] reserved
Jan 05 21:09:27 steamdeck kernel: BIOS-e820: [mem 0x00000000fec20000-0x00000000fec20fff] reserved
Jan 05 21:09:27 steamdeck kernel: BIOS-e820: [mem 0x00000000fed80000-0x00000000fed81fff] reserved
Jan 05 21:09:27 steamdeck kernel: BIOS-e820: [mem 0x00000000fedc0000-0x00000000feddffff] reserved
Jan 05 21:09:27 steamdeck kernel: BIOS-e820: [mem 0x00000000fee00000-0x00000000fee00fff] reserved
Jan 05 21:09:27 steamdeck kernel: BIOS-e820: [mem 0x00000000ff000000-0x00000000ffffffff] reserved
Jan 05 21:09:27 steamdeck kernel: BIOS-e820: [mem 0x0000000100000000-0x000000037f37ffff] usable
Jan 05 21:09:27 steamdeck kernel: BIOS-e820: [mem 0x000000037f380000-0x000000047fffffff] reserved
Jan 05 21:09:27 steamdeck kernel: NX (Execute Disable) protection: active
Jan 05 21:09:27 steamdeck kernel: efi: EFI v2.70 by Valve
Jan 05 21:09:27 steamdeck kernel: efi: ACPI=0x7cffe000 ACPI 2.0=0x7cffe014 TPMFinalLog=0x7cf40000 SMBIOS=0x796fd000 SMBIOS 3.0=0x796fb000 MEMATTR=0x745bf018 ESRT=0x74080418 
Jan 05 21:09:27 steamdeck kernel: SMBIOS 3.3.0 present.
Jan 05 21:09:27 steamdeck kernel: DMI: Valve Jupiter/Jupiter, BIOS F7A0120 12/01/2023
Jan 05 21:09:27 steamdeck kernel: tsc: Fast TSC calibration using PIT
Jan 05 21:09:27 steamdeck kernel: tsc: Detected 2800.257 MHz processor
Jan 05 21:09:27 steamdeck kernel: e820: update [mem 0x00000000-0x00000fff] usable ==> reserved
Jan 05 21:09:27 steamdeck kernel: e820: remove [mem 0x000a0000-0x000fffff] usable
Jan 05 21:09:27 steamdeck kernel: last_pfn = 0x37f380 max_arch_pfn = 0x400000000
Jan 05 21:09:27 steamdeck kernel: x86/PAT: Configuration [0-7]: WB  WC  UC- UC  WB  WP  UC- WT  
Jan 05 21:09:27 steamdeck kernel: last_pfn = 0x7d000 max_arch_pfn = 0x400000000
Jan 05 21:09:27 steamdeck kernel: esrt: Reserving ESRT space from 0x0000000074080418 to 0x00000000740804a0.
Jan 05 21:09:27 steamdeck kernel: e820: update [mem 0x74080000-0x74080fff] usable ==> reserved
Jan 05 21:09:27 steamdeck kernel: Using GB pages for direct mapping
Jan 05 21:09:27 steamdeck kernel: printk: log_buf_len: 4194304 bytes
Jan 05 21:09:27 steamdeck kernel: printk: early log buf free: 127432(97%)
Jan 05 21:09:27 steamdeck kernel: Secure boot disabled
Jan 05 21:09:27 steamdeck kernel: RAMDISK: [mem 0x366df000-0x37366fff]
Jan 05 21:09:27 steamdeck kernel: ACPI: Early table checksum verification disabled
Jan 05 21:09:27 steamdeck kernel: ACPI: RSDP 0x000000007CFFE014 000024 (v02 AMDYDE)
Jan 05 21:09:27 steamdeck kernel: ACPI: XSDT 0x000000007CFCD188 000114 (v01 AMDYDE EDK2     00000002      01000013)
Jan 05 21:09:27 steamdeck kernel: ACPI: FACP 0x000000007CFEE000 00010C (v05 AMDYDE EDK2     00000002 ACPI 00040000)
Jan 05 21:09:27 steamdeck kernel: ACPI: DSDT 0x000000007CFDF000 00801B (v01 AMDYDE EDK2     00000002 ACPI 00040000)
Jan 05 21:09:27 steamdeck kernel: ACPI: FACS 0x000000007CEF7000 000040
Jan 05 21:09:27 steamdeck kernel: ACPI: UEFI 0x000000007CF7E000 000236 (v01 AMDYDE EDK2     00000001 ACPI 00040000)
Jan 05 21:09:27 steamdeck kernel: ACPI: SSDT 0x000000007CFF5000 007237 (v02 AMD    EDK2     00000002 ACPI 00040000)
Jan 05 21:09:27 steamdeck kernel: ACPI: IVRS 0x000000007CFF4000 0001A4 (v02 AMD    EDK2     00000001 ACPI 00040000)
Jan 05 21:09:27 steamdeck kernel: ACPI: SSDT 0x000000007CFF3000 00046D (v01 AMDyde EDK2     00001000 ACPI 00040000)
Jan 05 21:09:27 steamdeck kernel: ACPI: TPM2 0x000000007CFF2000 00004C (v04 AMD    EDK2     00000002 ACPI 00040000)
Jan 05 21:09:27 steamdeck kernel: ACPI: ASF! 0x000000007CFF0000 0000A5 (v32 AMDYDE EDK2     00000002 ACPI 00040000)
Jan 05 21:09:27 steamdeck kernel: ACPI: BOOT 0x000000007CFEF000 000028 (v01 AMDYDE EDK2     00000002 ACPI 00040000)
Jan 05 21:09:27 steamdeck kernel: ACPI: HPET 0x000000007CFED000 000038 (v01 AMDYDE EDK2     00000002 ACPI 00040000)
Jan 05 21:09:27 steamdeck kernel: ACPI: APIC 0x000000007CFEC000 000138 (v03 AMDYDE EDK2     00000002 ACPI 00040000)
Jan 05 21:09:27 steamdeck kernel: ACPI: MCFG 0x000000007CFEB000 00003C (v01 AMDYDE EDK2     00000002 ACPI 00040000)
Jan 05 21:09:27 steamdeck kernel: ACPI: SLIC 0x000000007CFEA000 000176 (v01 AMDYDE EDK2     00000002 ACPI 00040000)
Jan 05 21:09:27 steamdeck kernel: ACPI: WDAT 0x000000007CFE9000 00017C (v01 AMDYDE EDK2     00000002 ACPI 00040000)
Jan 05 21:09:27 steamdeck kernel: ACPI: WDRT 0x000000007CFE8000 000047 (v01 AMD    EDK2     00000002 ACPI 00040000)
Jan 05 21:09:27 steamdeck kernel: ACPI: SSDT 0x000000007CFDE000 000099 (v01 AMDyde EDK2     00000002 ACPI 00040000)
Jan 05 21:09:27 steamdeck kernel: ACPI: SSDT 0x000000007CFDD000 00078E (v02 AMDRUS EDK2     00000002 ACPI 00040000)
Jan 05 21:09:27 steamdeck kernel: ACPI: VFCT 0x000000007CFD2000 00A684 (v01 AMDYDE EDK2     00000001 ACPI 00040000)
Jan 05 21:09:27 steamdeck kernel: ACPI: SSDT 0x000000007CFD1000 0000F8 (v01 AMD    EDK2     00001000 ACPI 00040000)
Jan 05 21:09:27 steamdeck kernel: ACPI: SSDT 0x000000007CFCF000 001D0C (v02 AMD    EDK2     00000001 ACPI 00040000)
Jan 05 21:09:27 steamdeck kernel: ACPI: CRAT 0x000000007CFCE000 0007E8 (v01 AMD    EDK2     00000001 ACPI 00040000)
Jan 05 21:09:27 steamdeck kernel: ACPI: CDIT 0x000000007CFFD000 000029 (v01 AMD    EDK2     00000001 ACPI 00040000)
Jan 05 21:09:27 steamdeck kernel: ACPI: SSDT 0x000000007CFCC000 000503 (v01 AMD    EDK2     00000001 ACPI 00040000)
Jan 05 21:09:27 steamdeck kernel: ACPI: SSDT 0x000000007CFCA000 001436 (v01 AMD    EDK2     00000001 ACPI 00040000)
Jan 05 21:09:27 steamdeck kernel: ACPI: SSDT 0x000000007CFC8000 0014AD (v01 AMD    EDK2     00000001 ACPI 00040000)
Jan 05 21:09:27 steamdeck kernel: ACPI: SSDT 0x000000007CFC2000 0051CF (v01 AMD    EDK2     00000001 ACPI 00040000)
Jan 05 21:09:27 steamdeck kernel: ACPI: FPDT 0x000000007CFC1000 000044 (v01 AMD    EDK2     00000002 ACPI 00040000)
Jan 05 21:09:27 steamdeck kernel: ACPI: WSMT 0x000000007CFBF000 000028 (v01 AMDYDE EDK2     00000001 ACPI 00040000)
Jan 05 21:09:27 steamdeck kernel: ACPI: SSDT 0x000000007CFBE000 00008D (v01 AMD    EDK2     00000001 ACPI 00040000)
Jan 05 21:09:27 steamdeck kernel: ACPI: SSDT 0x000000007CFBD000 000AE8 (v01 AMD    EDK2     00000001 ACPI 00040000)
Jan 05 21:09:27 steamdeck kernel: ACPI: BGRT 0x000000007CFC0000 000038 (v01 AMDYDE EDK2     00000001 ACPI 00040000)
Jan 05 21:09:27 steamdeck kernel: ACPI: Reserving FACP table memory at [mem 0x7cfee000-0x7cfee10b]
Jan 05 21:09:27 steamdeck kernel: ACPI: Reserving DSDT table memory at [mem 0x7cfdf000-0x7cfe701a]
Jan 05 21:09:27 steamdeck kernel: ACPI: Reserving FACS table memory at [mem 0x7cef7000-0x7cef703f]
Jan 05 21:09:27 steamdeck kernel: ACPI: Reserving UEFI table memory at [mem 0x7cf7e000-0x7cf7e235]
Jan 05 21:09:27 steamdeck kernel: ACPI: Reserving SSDT table memory at [mem 0x7cff5000-0x7cffc236]
Jan 05 21:09:27 steamdeck kernel: ACPI: Reserving IVRS table memory at [mem 0x7cff4000-0x7cff41a3]
Jan 05 21:09:27 steamdeck kernel: ACPI: Reserving SSDT table memory at [mem 0x7cff3000-0x7cff346c]
Jan 05 21:09:27 steamdeck kernel: ACPI: Reserving TPM2 table memory at [mem 0x7cff2000-0x7cff204b]
Jan 05 21:09:27 steamdeck kernel: ACPI: Reserving ASF! table memory at [mem 0x7cff0000-0x7cff00a4]
Jan 05 21:09:27 steamdeck kernel: ACPI: Reserving BOOT table memory at [mem 0x7cfef000-0x7cfef027]
Jan 05 21:09:27 steamdeck kernel: ACPI: Reserving HPET table memory at [mem 0x7cfed000-0x7cfed037]
Jan 05 21:09:27 steamdeck kernel: ACPI: Reserving APIC table memory at [mem 0x7cfec000-0x7cfec137]
Jan 05 21:09:27 steamdeck kernel: ACPI: Reserving MCFG table memory at [mem 0x7cfeb000-0x7cfeb03b]
Jan 05 21:09:27 steamdeck kernel: ACPI: Reserving SLIC table memory at [mem 0x7cfea000-0x7cfea175]
Jan 05 21:09:27 steamdeck kernel: ACPI: Reserving WDAT table memory at [mem 0x7cfe9000-0x7cfe917b]
Jan 05 21:09:27 steamdeck kernel: ACPI: Reserving WDRT table memory at [mem 0x7cfe8000-0x7cfe8046]
Jan 05 21:09:27 steamdeck kernel: ACPI: Reserving SSDT table memory at [mem 0x7cfde000-0x7cfde098]
Jan 05 21:09:27 steamdeck kernel: ACPI: Reserving SSDT table memory at [mem 0x7cfdd000-0x7cfdd78d]
Jan 05 21:09:27 steamdeck kernel: ACPI: Reserving VFCT table memory at [mem 0x7cfd2000-0x7cfdc683]
Jan 05 21:09:27 steamdeck kernel: ACPI: Reserving SSDT table memory at [mem 0x7cfd1000-0x7cfd10f7]
Jan 05 21:09:27 steamdeck kernel: ACPI: Reserving SSDT table memory at [mem 0x7cfcf000-0x7cfd0d0b]
Jan 05 21:09:27 steamdeck kernel: ACPI: Reserving CRAT table memory at [mem 0x7cfce000-0x7cfce7e7]
Jan 05 21:09:27 steamdeck kernel: ACPI: Reserving CDIT table memory at [mem 0x7cffd000-0x7cffd028]
Jan 05 21:09:27 steamdeck kernel: ACPI: Reserving SSDT table memory at [mem 0x7cfcc000-0x7cfcc502]
Jan 05 21:09:27 steamdeck kernel: ACPI: Reserving SSDT table memory at [mem 0x7cfca000-0x7cfcb435]
Jan 05 21:09:27 steamdeck kernel: ACPI: Reserving SSDT table memory at [mem 0x7cfc8000-0x7cfc94ac]
Jan 05 21:09:27 steamdeck kernel: ACPI: Reserving SSDT table memory at [mem 0x7cfc2000-0x7cfc71ce]
Jan 05 21:09:27 steamdeck kernel: ACPI: Reserving FPDT table memory at [mem 0x7cfc1000-0x7cfc1043]
Jan 05 21:09:27 steamdeck kernel: ACPI: Reserving WSMT table memory at [mem 0x7cfbf000-0x7cfbf027]
Jan 05 21:09:27 steamdeck kernel: ACPI: Reserving SSDT table memory at [mem 0x7cfbe000-0x7cfbe08c]
Jan 05 21:09:27 steamdeck kernel: ACPI: Reserving SSDT table memory at [mem 0x7cfbd000-0x7cfbdae7]
Jan 05 21:09:27 steamdeck kernel: ACPI: Reserving BGRT table memory at [mem 0x7cfc0000-0x7cfc0037]
Jan 05 21:09:27 steamdeck kernel: No NUMA configuration found
Jan 05 21:09:27 steamdeck kernel: Faking a node at [mem 0x0000000000000000-0x000000037f37ffff]
Jan 05 21:09:27 steamdeck kernel: NODE_DATA(0) allocated [mem 0x37e17b000-0x37e17ffff]
Jan 05 21:09:27 steamdeck kernel: Zone ranges:
Jan 05 21:09:27 steamdeck kernel:   DMA      [mem 0x0000000000001000-0x0000000000ffffff]
Jan 05 21:09:27 steamdeck kernel:   DMA32    [mem 0x0000000001000000-0x00000000ffffffff]
Jan 05 21:09:27 steamdeck kernel:   Normal   [mem 0x0000000100000000-0x000000037f37ffff]
Jan 05 21:09:27 steamdeck kernel:   Device   empty
Jan 05 21:09:27 steamdeck kernel: Movable zone start for each node
Jan 05 21:09:27 steamdeck kernel: Early memory node ranges
Jan 05 21:09:27 steamdeck kernel:   node   0: [mem 0x0000000000001000-0x000000000009efff]
Jan 05 21:09:27 steamdeck kernel:   node   0: [mem 0x0000000000100000-0x0000000009afffff]
Jan 05 21:09:27 steamdeck kernel:   node   0: [mem 0x0000000009e00000-0x0000000009efffff]
Jan 05 21:09:27 steamdeck kernel:   node   0: [mem 0x0000000009f14000-0x000000006b367fff]
Jan 05 21:09:27 steamdeck kernel:   node   0: [mem 0x000000006c568000-0x000000006c56efff]
Jan 05 21:09:27 steamdeck kernel:   node   0: [mem 0x000000006c570000-0x000000007877efff]
Jan 05 21:09:27 steamdeck kernel:   node   0: [mem 0x000000007cfff000-0x000000007cffffff]
Jan 05 21:09:27 steamdeck kernel:   node   0: [mem 0x0000000100000000-0x000000037f37ffff]
Jan 05 21:09:27 steamdeck kernel: Initmem setup node 0 [mem 0x0000000000001000-0x000000037f37ffff]
Jan 05 21:09:27 steamdeck kernel: On node 0, zone DMA: 1 pages in unavailable ranges
Jan 05 21:09:27 steamdeck kernel: On node 0, zone DMA: 97 pages in unavailable ranges
Jan 05 21:09:27 steamdeck kernel: On node 0, zone DMA32: 768 pages in unavailable ranges
Jan 05 21:09:27 steamdeck kernel: On node 0, zone DMA32: 20 pages in unavailable ranges
Jan 05 21:09:27 steamdeck kernel: On node 0, zone DMA32: 4608 pages in unavailable ranges
Jan 05 21:09:27 steamdeck kernel: On node 0, zone DMA32: 1 pages in unavailable ranges
Jan 05 21:09:27 steamdeck kernel: On node 0, zone DMA32: 18560 pages in unavailable ranges
Jan 05 21:09:27 steamdeck kernel: On node 0, zone Normal: 12288 pages in unavailable ranges
Jan 05 21:09:27 steamdeck kernel: On node 0, zone Normal: 3200 pages in unavailable ranges
Jan 05 21:09:27 steamdeck kernel: ACPI: PM-Timer IO Port: 0x408
Jan 05 21:09:27 steamdeck kernel: ACPI: LAPIC_NMI (acpi_id[0x00] high edge lint[0x1])
Jan 05 21:09:27 steamdeck kernel: ACPI: LAPIC_NMI (acpi_id[0x01] high edge lint[0x1])
Jan 05 21:09:27 steamdeck kernel: ACPI: LAPIC_NMI (acpi_id[0x02] high edge lint[0x1])
Jan 05 21:09:27 steamdeck kernel: ACPI: LAPIC_NMI (acpi_id[0x03] high edge lint[0x1])
Jan 05 21:09:27 steamdeck kernel: ACPI: LAPIC_NMI (acpi_id[0x04] high edge lint[0x1])
Jan 05 21:09:27 steamdeck kernel: ACPI: LAPIC_NMI (acpi_id[0x05] high edge lint[0x1])
Jan 05 21:09:27 steamdeck kernel: ACPI: LAPIC_NMI (acpi_id[0x06] high edge lint[0x1])
Jan 05 21:09:27 steamdeck kernel: ACPI: LAPIC_NMI (acpi_id[0x07] high edge lint[0x1])
Jan 05 21:09:27 steamdeck kernel: ACPI: LAPIC_NMI (acpi_id[0x08] high edge lint[0x1])
Jan 05 21:09:27 steamdeck kernel: ACPI: LAPIC_NMI (acpi_id[0x09] high edge lint[0x1])
Jan 05 21:09:27 steamdeck kernel: ACPI: LAPIC_NMI (acpi_id[0x0a] high edge lint[0x1])
Jan 05 21:09:27 steamdeck kernel: ACPI: LAPIC_NMI (acpi_id[0x0b] high edge lint[0x1])
Jan 05 21:09:27 steamdeck kernel: ACPI: LAPIC_NMI (acpi_id[0x0c] high edge lint[0x1])
Jan 05 21:09:27 steamdeck kernel: ACPI: LAPIC_NMI (acpi_id[0x0d] high edge lint[0x1])
Jan 05 21:09:27 steamdeck kernel: ACPI: LAPIC_NMI (acpi_id[0x0e] high edge lint[0x1])
Jan 05 21:09:27 steamdeck kernel: ACPI: LAPIC_NMI (acpi_id[0x0f] high edge lint[0x1])
Jan 05 21:09:27 steamdeck kernel: IOAPIC[0]: apic_id 33, version 33, address 0xfec00000, GSI 0-23
Jan 05 21:09:27 steamdeck kernel: IOAPIC[1]: apic_id 34, version 33, address 0xfec01000, GSI 24-55
Jan 05 21:09:27 steamdeck kernel: ACPI: INT_SRC_OVR (bus 0 bus_irq 0 global_irq 2 dfl dfl)
Jan 05 21:09:27 steamdeck kernel: ACPI: INT_SRC_OVR (bus 0 bus_irq 9 global_irq 9 low level)
Jan 05 21:09:27 steamdeck kernel: ACPI: Using ACPI (MADT) for SMP configuration information
Jan 05 21:09:27 steamdeck kernel: ACPI: HPET id: 0x10228210 base: 0xfed00000
Jan 05 21:09:27 steamdeck kernel: e820: update [mem 0x727d4000-0x72a77fff] usable ==> reserved
Jan 05 21:09:27 steamdeck kernel: smpboot: Allowing 16 CPUs, 8 hotplug CPUs
Jan 05 21:09:27 steamdeck kernel: PM: hibernation: Registered nosave memory: [mem 0x00000000-0x00000fff]
Jan 05 21:09:27 steamdeck kernel: PM: hibernation: Registered nosave memory: [mem 0x0009f000-0x000bffff]
Jan 05 21:09:27 steamdeck kernel: PM: hibernation: Registered nosave memory: [mem 0x000c0000-0x000fffff]
Jan 05 21:09:27 steamdeck kernel: PM: hibernation: Registered nosave memory: [mem 0x09b00000-0x09dfffff]
Jan 05 21:09:27 steamdeck kernel: PM: hibernation: Registered nosave memory: [mem 0x09f00000-0x09f13fff]
Jan 05 21:09:27 steamdeck kernel: PM: hibernation: Registered nosave memory: [mem 0x6b368000-0x6c567fff]
Jan 05 21:09:27 steamdeck kernel: PM: hibernation: Registered nosave memory: [mem 0x6c56f000-0x6c56ffff]
Jan 05 21:09:27 steamdeck kernel: PM: hibernation: Registered nosave memory: [mem 0x727d4000-0x72a77fff]
Jan 05 21:09:27 steamdeck kernel: PM: hibernation: Registered nosave memory: [mem 0x74080000-0x74080fff]
Jan 05 21:09:27 steamdeck kernel: PM: hibernation: Registered nosave memory: [mem 0x7877f000-0x78f7efff]
Jan 05 21:09:27 steamdeck kernel: PM: hibernation: Registered nosave memory: [mem 0x78f7f000-0x7af7efff]
Jan 05 21:09:27 steamdeck kernel: PM: hibernation: Registered nosave memory: [mem 0x7af7f000-0x7cf7efff]
Jan 05 21:09:27 steamdeck kernel: PM: hibernation: Registered nosave memory: [mem 0x7cf7f000-0x7cffefff]
Jan 05 21:09:27 steamdeck kernel: PM: hibernation: Registered nosave memory: [mem 0x7d000000-0x7dffffff]
Jan 05 21:09:27 steamdeck kernel: PM: hibernation: Registered nosave memory: [mem 0x7e000000-0x7effffff]
Jan 05 21:09:27 steamdeck kernel: PM: hibernation: Registered nosave memory: [mem 0x7f000000-0x7fffffff]
Jan 05 21:09:27 steamdeck kernel: PM: hibernation: Registered nosave memory: [mem 0x80000000-0x9fffffff]
Jan 05 21:09:27 steamdeck kernel: PM: hibernation: Registered nosave memory: [mem 0xa0000000-0xa00fffff]
Jan 05 21:09:27 steamdeck kernel: PM: hibernation: Registered nosave memory: [mem 0xa0100000-0xf7ffffff]
Jan 05 21:09:27 steamdeck kernel: PM: hibernation: Registered nosave memory: [mem 0xf8000000-0xfbffffff]
Jan 05 21:09:27 steamdeck kernel: PM: hibernation: Registered nosave memory: [mem 0xfc000000-0xfebfffff]
Jan 05 21:09:27 steamdeck kernel: PM: hibernation: Registered nosave memory: [mem 0xfec00000-0xfec01fff]
Jan 05 21:09:27 steamdeck kernel: PM: hibernation: Registered nosave memory: [mem 0xfec02000-0xfec0ffff]
Jan 05 21:09:27 steamdeck kernel: PM: hibernation: Registered nosave memory: [mem 0xfec10000-0xfec10fff]
Jan 05 21:09:27 steamdeck kernel: PM: hibernation: Registered nosave memory: [mem 0xfec11000-0xfec1ffff]
Jan 05 21:09:27 steamdeck kernel: PM: hibernation: Registered nosave memory: [mem 0xfec20000-0xfec20fff]
Jan 05 21:09:27 steamdeck kernel: PM: hibernation: Registered nosave memory: [mem 0xfec21000-0xfed7ffff]
Jan 05 21:09:27 steamdeck kernel: PM: hibernation: Registered nosave memory: [mem 0xfed80000-0xfed81fff]
Jan 05 21:09:27 steamdeck kernel: PM: hibernation: Registered nosave memory: [mem 0xfed82000-0xfedbffff]
Jan 05 21:09:27 steamdeck kernel: PM: hibernation: Registered nosave memory: [mem 0xfedc0000-0xfeddffff]
Jan 05 21:09:27 steamdeck kernel: PM: hibernation: Registered nosave memory: [mem 0xfede0000-0xfedfffff]
Jan 05 21:09:27 steamdeck kernel: PM: hibernation: Registered nosave memory: [mem 0xfee00000-0xfee00fff]
Jan 05 21:09:27 steamdeck kernel: PM: hibernation: Registered nosave memory: [mem 0xfee01000-0xfeffffff]
Jan 05 21:09:27 steamdeck kernel: PM: hibernation: Registered nosave memory: [mem 0xff000000-0xffffffff]
Jan 05 21:09:27 steamdeck kernel: [mem 0xa0100000-0xf7ffffff] available for PCI devices
Jan 05 21:09:27 steamdeck kernel: clocksource: refined-jiffies: mask: 0xffffffff max_cycles: 0xffffffff, max_idle_ns: 6370452778343963 ns
Jan 05 21:09:27 steamdeck kernel: setup_percpu: NR_CPUS:320 nr_cpumask_bits:16 nr_cpu_ids:16 nr_node_ids:1
Jan 05 21:09:27 steamdeck kernel: percpu: Embedded 61 pages/cpu s212992 r8192 d28672 u262144
Jan 05 21:09:27 steamdeck kernel: pcpu-alloc: s212992 r8192 d28672 u262144 alloc=1*2097152
Jan 05 21:09:27 steamdeck kernel: pcpu-alloc: [0] 00 01 02 03 04 05 06 07 [0] 08 09 10 11 12 13 14 15 
Jan 05 21:09:27 steamdeck kernel: Fallback order for Node 0: 0 
Jan 05 21:09:27 steamdeck kernel: Built 1 zonelists, mobility grouping on.  Total pages: 3057491
Jan 05 21:09:27 steamdeck kernel: Policy zone: Normal
Jan 05 21:09:27 steamdeck kernel: Kernel command line: BOOT_IMAGE=/boot/vmlinuz-linux-neptune-61 console=tty1 rd.luks=0 rd.lvm=0 rd.md=0 rd.dm=0 rd.systemd.gpt_auto=no module_blacklist=tpm log_buf_len=4M amd_iommu=off amdgpu.gttsize=8128 spi_amd.speed_dev=1 audit=0 fbcon=rotate:1 loglevel=3 splash quiet plymouth.ignore-serial-consoles fbcon=vc:4-6 steamos.efi=PARTUUID=c36da016-b2df-4e99-890c-aae4a1c0380e
Jan 05 21:09:27 steamdeck kernel: audit: disabled (until reboot)
Jan 05 21:09:27 steamdeck kernel: Unknown kernel command line parameters "splash BOOT_IMAGE=/boot/vmlinuz-linux-neptune-61", will be passed to user space.
Jan 05 21:09:27 steamdeck kernel: random: crng init done
Jan 05 21:09:27 steamdeck kernel: Dentry cache hash table entries: 2097152 (order: 12, 16777216 bytes, linear)
Jan 05 21:09:27 steamdeck kernel: Inode-cache hash table entries: 1048576 (order: 11, 8388608 bytes, linear)
Jan 05 21:09:27 steamdeck kernel: mem auto-init: stack:all(zero), heap alloc:on, heap free:off
Jan 05 21:09:27 steamdeck kernel: software IO TLB: area num 16.
Jan 05 21:09:27 steamdeck kernel: Memory: 11982476K/12424740K available (16391K kernel code, 2078K rwdata, 11308K rodata, 1944K init, 3688K bss, 442004K reserved, 0K cma-reserved)
Jan 05 21:09:27 steamdeck kernel: SLUB: HWalign=64, Order=0-3, MinObjects=0, CPUs=16, Nodes=1
Jan 05 21:09:27 steamdeck kernel: ftrace: allocating 45156 entries in 177 pages
Jan 05 21:09:27 steamdeck kernel: ftrace: allocated 177 pages with 4 groups
Jan 05 21:09:27 steamdeck kernel: Dynamic Preempt: full
Jan 05 21:09:27 steamdeck kernel: rcu: Preemptible hierarchical RCU implementation.
Jan 05 21:09:27 steamdeck kernel: rcu:         RCU restricting CPUs from NR_CPUS=320 to nr_cpu_ids=16.
Jan 05 21:09:27 steamdeck kernel: rcu:         RCU priority boosting: priority 1 delay 500 ms.
Jan 05 21:09:27 steamdeck kernel:         Trampoline variant of Tasks RCU enabled.
Jan 05 21:09:27 steamdeck kernel:         Rude variant of Tasks RCU enabled.
Jan 05 21:09:27 steamdeck kernel:         Tracing variant of Tasks RCU enabled.
Jan 05 21:09:27 steamdeck kernel: rcu: RCU calculated value of scheduler-enlistment delay is 30 jiffies.
Jan 05 21:09:27 steamdeck kernel: rcu: Adjusting geometry for rcu_fanout_leaf=16, nr_cpu_ids=16
Jan 05 21:09:27 steamdeck kernel: NR_IRQS: 20736, nr_irqs: 1096, preallocated irqs: 16
Jan 05 21:09:27 steamdeck kernel: rcu: srcu_init: Setting srcu_struct sizes based on contention.
Jan 05 21:09:27 steamdeck kernel: kfence: initialized - using 2097152 bytes for 255 objects at 0x(____ptrval____)-0x(____ptrval____)
Jan 05 21:09:27 steamdeck kernel: Console: colour dummy device 80x25
Jan 05 21:09:27 steamdeck kernel: printk: console [tty1] enabled
Jan 05 21:09:27 steamdeck kernel: ACPI: Core revision 20220331
Jan 05 21:09:27 steamdeck kernel: clocksource: hpet: mask: 0xffffffff max_cycles: 0xffffffff, max_idle_ns: 133484873504 ns
Jan 05 21:09:27 steamdeck kernel: APIC: Switch to symmetric I/O mode setup
Jan 05 21:09:27 steamdeck kernel: Switched APIC routing to physical flat.
Jan 05 21:09:27 steamdeck kernel: ..TIMER: vector=0x30 apic1=0 pin1=2 apic2=-1 pin2=-1
Jan 05 21:09:27 steamdeck kernel: clocksource: tsc-early: mask: 0xffffffffffffffff max_cycles: 0x285d337fe74, max_idle_ns: 440795266173 ns
Jan 05 21:09:27 steamdeck kernel: Calibrating delay loop (skipped), value calculated using timer frequency.. 5602.86 BogoMIPS (lpj=9334190)
Jan 05 21:09:27 steamdeck kernel: Zenbleed: please update your microcode for the most optimal fix
Jan 05 21:09:27 steamdeck kernel: x86/cpu: User Mode Instruction Prevention (UMIP) activated
Jan 05 21:09:27 steamdeck kernel: LVT offset 1 assigned for vector 0xf9
Jan 05 21:09:27 steamdeck kernel: LVT offset 2 assigned for vector 0xf4
Jan 05 21:09:27 steamdeck kernel: process: using mwait in idle threads
Jan 05 21:09:27 steamdeck kernel: Last level iTLB entries: 4KB 1024, 2MB 1024, 4MB 512
Jan 05 21:09:27 steamdeck kernel: Last level dTLB entries: 4KB 2048, 2MB 2048, 4MB 1024, 1GB 0
Jan 05 21:09:27 steamdeck kernel: Spectre V1 : Mitigation: usercopy/swapgs barriers and __user pointer sanitization
Jan 05 21:09:27 steamdeck kernel: Spectre V2 : Mitigation: Retpolines
Jan 05 21:09:27 steamdeck kernel: Spectre V2 : Spectre v2 / SpectreRSB mitigation: Filling RSB on context switch
Jan 05 21:09:27 steamdeck kernel: Spectre V2 : Spectre v2 / SpectreRSB : Filling RSB on VMEXIT
Jan 05 21:09:27 steamdeck kernel: Spectre V2 : Enabling Speculation Barrier for firmware calls
Jan 05 21:09:27 steamdeck kernel: RETBleed: Mitigation: untrained return thunk
Jan 05 21:09:27 steamdeck kernel: Spectre V2 : mitigation: Enabling conditional Indirect Branch Prediction Barrier
Jan 05 21:09:27 steamdeck kernel: Spectre V2 : Selecting STIBP always-on mode to complement retbleed mitigation
Jan 05 21:09:27 steamdeck kernel: Spectre V2 : User space: Mitigation: STIBP always-on protection
Jan 05 21:09:27 steamdeck kernel: Speculative Store Bypass: Mitigation: Speculative Store Bypass disabled via prctl
Jan 05 21:09:27 steamdeck kernel: Speculative Return Stack Overflow: Mitigation: safe RET
Jan 05 21:09:27 steamdeck kernel: x86/fpu: Supporting XSAVE feature 0x001: 'x87 floating point registers'
Jan 05 21:09:27 steamdeck kernel: x86/fpu: Supporting XSAVE feature 0x002: 'SSE registers'
Jan 05 21:09:27 steamdeck kernel: x86/fpu: Supporting XSAVE feature 0x004: 'AVX registers'
Jan 05 21:09:27 steamdeck kernel: x86/fpu: xstate_offset[2]:  576, xstate_sizes[2]:  256
Jan 05 21:09:27 steamdeck kernel: x86/fpu: Enabled xstate features 0x7, context size is 832 bytes, using 'compacted' format.
Jan 05 21:09:27 steamdeck kernel: Freeing SMP alternatives memory: 36K
Jan 05 21:09:27 steamdeck kernel: pid_max: default: 32768 minimum: 301
Jan 05 21:09:27 steamdeck kernel: LSM: Security Framework initializing
Jan 05 21:09:27 steamdeck kernel: landlock: Up and running.
Jan 05 21:09:27 steamdeck kernel: Yama: becoming mindful.
Jan 05 21:09:27 steamdeck kernel: LSM support for eBPF active
Jan 05 21:09:27 steamdeck kernel: Mount-cache hash table entries: 32768 (order: 6, 262144 bytes, linear)
Jan 05 21:09:27 steamdeck kernel: Mountpoint-cache hash table entries: 32768 (order: 6, 262144 bytes, linear)
Jan 05 21:09:27 steamdeck kernel: smpboot: CPU0: AMD Custom APU 0405 (family: 0x17, model: 0x90, stepping: 0x2)
Jan 05 21:09:27 steamdeck kernel: cblist_init_generic: Setting adjustable number of callback queues.
Jan 05 21:09:27 steamdeck kernel: cblist_init_generic: Setting shift to 4 and lim to 1.
Jan 05 21:09:27 steamdeck kernel: cblist_init_generic: Setting adjustable number of callback queues.
Jan 05 21:09:27 steamdeck kernel: cblist_init_generic: Setting shift to 4 and lim to 1.
Jan 05 21:09:27 steamdeck kernel: cblist_init_generic: Setting adjustable number of callback queues.
Jan 05 21:09:27 steamdeck kernel: cblist_init_generic: Setting shift to 4 and lim to 1.
Jan 05 21:09:27 steamdeck kernel: Performance Events: Fam17h+ core perfctr, AMD PMU driver.
Jan 05 21:09:27 steamdeck kernel: ... version:                0
Jan 05 21:09:27 steamdeck kernel: ... bit width:              48
Jan 05 21:09:27 steamdeck kernel: ... generic registers:      6
Jan 05 21:09:27 steamdeck kernel: ... value mask:             0000ffffffffffff
Jan 05 21:09:27 steamdeck kernel: ... max period:             00007fffffffffff
Jan 05 21:09:27 steamdeck kernel: ... fixed-purpose events:   0
Jan 05 21:09:27 steamdeck kernel: ... event mask:             000000000000003f
Jan 05 21:09:27 steamdeck kernel: signal: max sigframe size: 1776
Jan 05 21:09:27 steamdeck kernel: rcu: Hierarchical SRCU implementation.
Jan 05 21:09:27 steamdeck kernel: rcu:         Max phase no-delay instances is 1000.
Jan 05 21:09:27 steamdeck kernel: NMI watchdog: Enabled. Permanently consumes one hw-PMU counter.
Jan 05 21:09:27 steamdeck kernel: smp: Bringing up secondary CPUs ...
Jan 05 21:09:27 steamdeck kernel: x86: Booting SMP configuration:
Jan 05 21:09:27 steamdeck kernel: .... node  #0, CPUs:        #1
Jan 05 21:09:27 steamdeck kernel: Spectre V2 : Update user space SMT mitigation: STIBP always-on
Jan 05 21:09:27 steamdeck kernel:   #2  #3  #4  #5  #6  #7
Jan 05 21:09:27 steamdeck kernel: smp: Brought up 1 node, 8 CPUs
Jan 05 21:09:27 steamdeck kernel: smpboot: Max logical packages: 2
Jan 05 21:09:27 steamdeck kernel: smpboot: Total of 8 processors activated (44822.95 BogoMIPS)
Jan 05 21:09:27 steamdeck kernel: devtmpfs: initialized
Jan 05 21:09:27 steamdeck kernel: x86/mm: Memory block size: 128MB
Jan 05 21:09:27 steamdeck kernel: ACPI: PM: Registering ACPI NVS region [mem 0x09f00000-0x09f13fff] (81920 bytes)
Jan 05 21:09:27 steamdeck kernel: ACPI: PM: Registering ACPI NVS region [mem 0x7af7f000-0x7cf7efff] (33554432 bytes)
Jan 05 21:09:27 steamdeck kernel: PM: Steam Deck quirk - no s2idle allowed!
Jan 05 21:09:27 steamdeck kernel: clocksource: jiffies: mask: 0xffffffff max_cycles: 0xffffffff, max_idle_ns: 6370867519511994 ns
Jan 05 21:09:27 steamdeck kernel: futex hash table entries: 4096 (order: 6, 262144 bytes, linear)
Jan 05 21:09:27 steamdeck kernel: pinctrl core: initialized pinctrl subsystem
Jan 05 21:09:27 steamdeck kernel: PM: RTC time: 02:09:25, date: 2024-01-06
Jan 05 21:09:27 steamdeck kernel: NET: Registered PF_NETLINK/PF_ROUTE protocol family
Jan 05 21:09:27 steamdeck kernel: DMA: preallocated 2048 KiB GFP_KERNEL pool for atomic allocations
Jan 05 21:09:27 steamdeck kernel: DMA: preallocated 2048 KiB GFP_KERNEL|GFP_DMA pool for atomic allocations
Jan 05 21:09:27 steamdeck kernel: DMA: preallocated 2048 KiB GFP_KERNEL|GFP_DMA32 pool for atomic allocations
Jan 05 21:09:27 steamdeck kernel: thermal_sys: Registered thermal governor 'fair_share'
Jan 05 21:09:27 steamdeck kernel: thermal_sys: Registered thermal governor 'bang_bang'
Jan 05 21:09:27 steamdeck kernel: thermal_sys: Registered thermal governor 'step_wise'
Jan 05 21:09:27 steamdeck kernel: thermal_sys: Registered thermal governor 'user_space'
Jan 05 21:09:27 steamdeck kernel: thermal_sys: Registered thermal governor 'power_allocator'
Jan 05 21:09:27 steamdeck kernel: cpuidle: using governor ladder
Jan 05 21:09:27 steamdeck kernel: cpuidle: using governor menu
Jan 05 21:09:27 steamdeck kernel: Simple Boot Flag at 0x44 set to 0x80
Jan 05 21:09:27 steamdeck kernel: acpiphp: ACPI Hot Plug PCI Controller Driver version: 0.5
Jan 05 21:09:27 steamdeck kernel: PCI: MMCONFIG for domain 0000 [bus 00-3f] at [mem 0xf8000000-0xfbffffff] (base 0xf8000000)
Jan 05 21:09:27 steamdeck kernel: PCI: MMCONFIG at [mem 0xf8000000-0xfbffffff] reserved in E820
Jan 05 21:09:27 steamdeck kernel: PCI: Using configuration type 1 for base access
Jan 05 21:09:27 steamdeck kernel: kprobes: kprobe jump-optimization is enabled. All kprobes are optimized if possible.
Jan 05 21:09:27 steamdeck kernel: HugeTLB: registered 1.00 GiB page size, pre-allocated 0 pages
Jan 05 21:09:27 steamdeck kernel: HugeTLB: 16380 KiB vmemmap can be freed for a 1.00 GiB page
Jan 05 21:09:27 steamdeck kernel: HugeTLB: registered 2.00 MiB page size, pre-allocated 0 pages
Jan 05 21:09:27 steamdeck kernel: HugeTLB: 28 KiB vmemmap can be freed for a 2.00 MiB page
Jan 05 21:09:27 steamdeck kernel: ACPI: Added _OSI(Module Device)
Jan 05 21:09:27 steamdeck kernel: ACPI: Added _OSI(Processor Device)
Jan 05 21:09:27 steamdeck kernel: ACPI: Added _OSI(3.0 _SCP Extensions)
Jan 05 21:09:27 steamdeck kernel: ACPI: Added _OSI(Processor Aggregator Device)
Jan 05 21:09:27 steamdeck kernel: ACPI: 13 ACPI AML tables successfully acquired and loaded
Jan 05 21:09:27 steamdeck kernel: ACPI: [Firmware Bug]: BIOS _OSI(Linux) query ignored
Jan 05 21:09:27 steamdeck kernel: ACPI: EC: EC started
Jan 05 21:09:27 steamdeck kernel: ACPI: EC: interrupt blocked
Jan 05 21:09:27 steamdeck kernel: ACPI: EC: EC_CMD/EC_SC=0x66, EC_DATA=0x62
Jan 05 21:09:27 steamdeck kernel: ACPI: \_SB_.PCI0.LPC0.EC0_: Boot DSDT EC used to handle transactions
Jan 05 21:09:27 steamdeck kernel: ACPI: Interpreter enabled
Jan 05 21:09:27 steamdeck kernel: ACPI: PM: (supports S0 S3 S4 S5)
Jan 05 21:09:27 steamdeck kernel: ACPI: Using IOAPIC for interrupt routing
Jan 05 21:09:27 steamdeck kernel: PCI: Using host bridge windows from ACPI; if necessary, use "pci=nocrs" and report a bug
Jan 05 21:09:27 steamdeck kernel: PCI: Ignoring E820 reservations for host bridge windows
Jan 05 21:09:27 steamdeck kernel: ACPI: Enabled 5 GPEs in block 00 to 1F
Jan 05 21:09:27 steamdeck kernel: ACPI: PM: Power Resource [PRWL]
Jan 05 21:09:27 steamdeck kernel: ACPI: PCI Root Bridge [PCI0] (domain 0000 [bus 00-ff])
Jan 05 21:09:27 steamdeck kernel: acpi PNP0A08:00: _OSC: OS supports [ExtendedConfig ASPM ClockPM Segments MSI EDR HPX-Type3]
Jan 05 21:09:27 steamdeck kernel: acpi PNP0A08:00: _OSC: platform does not support [SHPCHotplug LTR DPC]
Jan 05 21:09:27 steamdeck kernel: acpi PNP0A08:00: _OSC: OS now controls [PCIeHotplug PME AER PCIeCapability]
Jan 05 21:09:27 steamdeck kernel: acpi PNP0A08:00: [Firmware Info]: MMCONFIG for domain 0000 [bus 00-3f] only partially covers this bridge
Jan 05 21:09:27 steamdeck kernel: PCI host bridge to bus 0000:00
Jan 05 21:09:27 steamdeck kernel: pci_bus 0000:00: root bus resource [io  0x0000-0x0cf7 window]
Jan 05 21:09:27 steamdeck kernel: pci_bus 0000:00: root bus resource [io  0x0d00-0xffff window]
Jan 05 21:09:27 steamdeck kernel: pci_bus 0000:00: root bus resource [mem 0x000a0000-0x000bffff window]
Jan 05 21:09:27 steamdeck kernel: pci_bus 0000:00: root bus resource [mem 0x000c0000-0x000cffff window]
Jan 05 21:09:27 steamdeck kernel: pci_bus 0000:00: root bus resource [mem 0x000d0000-0x000effff window]
Jan 05 21:09:27 steamdeck kernel: pci_bus 0000:00: root bus resource [mem 0x80000000-0xf7ffffff window]
Jan 05 21:09:27 steamdeck kernel: pci_bus 0000:00: root bus resource [mem 0xfc000000-0xfeafffff window]
Jan 05 21:09:27 steamdeck kernel: pci_bus 0000:00: root bus resource [mem 0xfed45000-0xfed814ff window]
Jan 05 21:09:27 steamdeck kernel: pci_bus 0000:00: root bus resource [mem 0xfed81900-0xfed81fff window]
Jan 05 21:09:27 steamdeck kernel: pci_bus 0000:00: root bus resource [mem 0xfedc0000-0xfedc0fff window]
Jan 05 21:09:27 steamdeck kernel: pci_bus 0000:00: root bus resource [mem 0xfedc6000-0xfedc6fff window]
Jan 05 21:09:27 steamdeck kernel: pci_bus 0000:00: root bus resource [mem 0x4a0200000-0xf8ffffffff window]
Jan 05 21:09:27 steamdeck kernel: pci_bus 0000:00: root bus resource [bus 00-ff]
Jan 05 21:09:27 steamdeck kernel: pci 0000:00:00.0: [1022:1645] type 00 class 0x060000
Jan 05 21:09:27 steamdeck kernel: pci 0000:00:00.2: [1022:1646] type 00 class 0x080600
Jan 05 21:09:27 steamdeck kernel: pci 0000:00:01.0: [1022:1632] type 00 class 0x060000
Jan 05 21:09:27 steamdeck kernel: pci 0000:00:01.2: [1022:1647] type 01 class 0x060400
Jan 05 21:09:27 steamdeck kernel: pci 0000:00:01.2: PME# supported from D0 D3hot D3cold
Jan 05 21:09:27 steamdeck kernel: pci 0000:00:01.3: [1022:1647] type 01 class 0x060400
Jan 05 21:09:27 steamdeck kernel: pci 0000:00:01.3: PME# supported from D0 D3hot D3cold
Jan 05 21:09:27 steamdeck kernel: pci 0000:00:01.4: [1022:1647] type 01 class 0x060400
Jan 05 21:09:27 steamdeck kernel: pci 0000:00:01.4: PME# supported from D0 D3hot D3cold
Jan 05 21:09:27 steamdeck kernel: pci 0000:00:08.0: [1022:1632] type 00 class 0x060000
Jan 05 21:09:27 steamdeck kernel: pci 0000:00:08.1: [1022:1648] type 01 class 0x060400
Jan 05 21:09:27 steamdeck kernel: pci 0000:00:08.1: enabling Extended Tags
Jan 05 21:09:27 steamdeck kernel: pci 0000:00:08.1: PME# supported from D0 D3hot D3cold
Jan 05 21:09:27 steamdeck kernel: pci 0000:00:08.2: [1022:1648] type 01 class 0x060400
Jan 05 21:09:27 steamdeck kernel: pci 0000:00:08.2: enabling Extended Tags
Jan 05 21:09:27 steamdeck kernel: pci 0000:00:08.2: PME# supported from D0 D3hot D3cold
Jan 05 21:09:27 steamdeck kernel: pci 0000:00:08.3: [1022:1648] type 01 class 0x060400
Jan 05 21:09:27 steamdeck kernel: pci 0000:00:08.3: enabling Extended Tags
Jan 05 21:09:27 steamdeck kernel: pci 0000:00:08.3: PME# supported from D0 D3hot D3cold
Jan 05 21:09:27 steamdeck kernel: pci 0000:00:14.0: [1022:790b] type 00 class 0x0c0500
Jan 05 21:09:27 steamdeck kernel: pci 0000:00:14.3: [1022:790e] type 00 class 0x060100
Jan 05 21:09:27 steamdeck kernel: pci 0000:00:18.0: [1022:1660] type 00 class 0x060000
Jan 05 21:09:27 steamdeck kernel: pci 0000:00:18.1: [1022:1661] type 00 class 0x060000
Jan 05 21:09:27 steamdeck kernel: pci 0000:00:18.2: [1022:1662] type 00 class 0x060000
Jan 05 21:09:27 steamdeck kernel: pci 0000:00:18.3: [1022:1663] type 00 class 0x060000
Jan 05 21:09:27 steamdeck kernel: pci 0000:00:18.4: [1022:1664] type 00 class 0x060000
Jan 05 21:09:27 steamdeck kernel: pci 0000:00:18.5: [1022:1665] type 00 class 0x060000
Jan 05 21:09:27 steamdeck kernel: pci 0000:00:18.6: [1022:1666] type 00 class 0x060000
Jan 05 21:09:27 steamdeck kernel: pci 0000:00:18.7: [1022:1667] type 00 class 0x060000
Jan 05 21:09:27 steamdeck kernel: pci 0000:01:00.0: [144d:a809] type 00 class 0x010802
Jan 05 21:09:27 steamdeck kernel: pci 0000:01:00.0: reg 0x10: [mem 0x80600000-0x80603fff 64bit]
Jan 05 21:09:27 steamdeck kernel: pci 0000:00:01.2: PCI bridge to [bus 01]
Jan 05 21:09:27 steamdeck kernel: pci 0000:00:01.2:   bridge window [mem 0x80600000-0x806fffff]
Jan 05 21:09:27 steamdeck kernel: pci 0000:02:00.0: [1217:8621] type 00 class 0x080501
Jan 05 21:09:27 steamdeck kernel: pci 0000:02:00.0: reg 0x10: [mem 0x80501000-0x80501fff]
Jan 05 21:09:27 steamdeck kernel: pci 0000:02:00.0: reg 0x14: [mem 0x80500000-0x805007ff]
Jan 05 21:09:27 steamdeck kernel: pci 0000:02:00.0: PME# supported from D3hot D3cold
Jan 05 21:09:27 steamdeck kernel: pci 0000:00:01.3: PCI bridge to [bus 02]
Jan 05 21:09:27 steamdeck kernel: pci 0000:00:01.3:   bridge window [mem 0x80500000-0x805fffff]
Jan 05 21:09:27 steamdeck kernel: pci 0000:03:00.0: [10ec:c822] type 00 class 0x028000
Jan 05 21:09:27 steamdeck kernel: pci 0000:03:00.0: reg 0x10: [io  0x2000-0x20ff]
Jan 05 21:09:27 steamdeck kernel: pci 0000:03:00.0: reg 0x18: [mem 0x80400000-0x8040ffff 64bit]
Jan 05 21:09:27 steamdeck kernel: pci 0000:03:00.0: supports D1 D2
Jan 05 21:09:27 steamdeck kernel: pci 0000:03:00.0: PME# supported from D0 D1 D2 D3hot D3cold
Jan 05 21:09:27 steamdeck kernel: pci 0000:00:01.4: PCI bridge to [bus 03]
Jan 05 21:09:27 steamdeck kernel: pci 0000:00:01.4:   bridge window [io  0x2000-0x2fff]
Jan 05 21:09:27 steamdeck kernel: pci 0000:00:01.4:   bridge window [mem 0x80400000-0x804fffff]
Jan 05 21:09:27 steamdeck kernel: pci 0000:04:00.0: [1002:163f] type 00 class 0x030000
Jan 05 21:09:27 steamdeck kernel: pci 0000:04:00.0: reg 0x10: [mem 0xf8e0000000-0xf8efffffff 64bit pref]
Jan 05 21:09:27 steamdeck kernel: pci 0000:04:00.0: reg 0x18: [mem 0xf8f0000000-0xf8f01fffff 64bit pref]
Jan 05 21:09:27 steamdeck kernel: pci 0000:04:00.0: reg 0x20: [io  0x1000-0x10ff]
Jan 05 21:09:27 steamdeck kernel: pci 0000:04:00.0: reg 0x24: [mem 0x80300000-0x8037ffff]
Jan 05 21:09:27 steamdeck kernel: pci 0000:04:00.0: enabling Extended Tags
Jan 05 21:09:27 steamdeck kernel: pci 0000:04:00.0: BAR 0: assigned to efifb
Jan 05 21:09:27 steamdeck kernel: pci 0000:04:00.0: PME# supported from D1 D2 D3hot D3cold
Jan 05 21:09:27 steamdeck kernel: pci 0000:04:00.0: 126.016 Gb/s available PCIe bandwidth, limited by 8.0 GT/s PCIe x16 link at 0000:00:08.1 (capable of 252.048 Gb/s with 16.0 GT/s PCIe x16 link)
Jan 05 21:09:27 steamdeck kernel: pci 0000:04:00.1: [1002:1640] type 00 class 0x040300
Jan 05 21:09:27 steamdeck kernel: pci 0000:04:00.1: reg 0x10: [mem 0x803c0000-0x803c3fff]
Jan 05 21:09:27 steamdeck kernel: pci 0000:04:00.1: enabling Extended Tags
Jan 05 21:09:27 steamdeck kernel: pci 0000:04:00.1: PME# supported from D1 D2 D3hot D3cold
Jan 05 21:09:27 steamdeck kernel: pci 0000:04:00.2: [1022:1649] type 00 class 0x108000
Jan 05 21:09:27 steamdeck kernel: pci 0000:04:00.2: reg 0x18: [mem 0x80200000-0x802fffff]
Jan 05 21:09:27 steamdeck kernel: pci 0000:04:00.2: reg 0x24: [mem 0x803c4000-0x803c5fff]
Jan 05 21:09:27 steamdeck kernel: pci 0000:04:00.2: enabling Extended Tags
Jan 05 21:09:27 steamdeck kernel: pci 0000:04:00.3: [1022:162c] type 00 class 0x0c0330
Jan 05 21:09:27 steamdeck kernel: pci 0000:04:00.3: reg 0x10: [mem 0x80000000-0x800fffff 64bit]
Jan 05 21:09:27 steamdeck kernel: pci 0000:04:00.3: enabling Extended Tags
Jan 05 21:09:27 steamdeck kernel: pci 0000:04:00.3: PME# supported from D0 D3hot D3cold
Jan 05 21:09:27 steamdeck kernel: pci 0000:04:00.4: [1022:163b] type 00 class 0x0c0330
Jan 05 21:09:27 steamdeck kernel: pci 0000:04:00.4: reg 0x10: [mem 0x80100000-0x801fffff 64bit]
Jan 05 21:09:27 steamdeck kernel: pci 0000:04:00.4: enabling Extended Tags
Jan 05 21:09:27 steamdeck kernel: pci 0000:04:00.4: PME# supported from D0 D3hot D3cold
Jan 05 21:09:27 steamdeck kernel: pci 0000:04:00.5: [1022:15e2] type 00 class 0x048000
Jan 05 21:09:27 steamdeck kernel: pci 0000:04:00.5: reg 0x10: [mem 0x80380000-0x803bffff]
Jan 05 21:09:27 steamdeck kernel: pci 0000:04:00.5: enabling Extended Tags
Jan 05 21:09:27 steamdeck kernel: pci 0000:04:00.5: PME# supported from D0 D3hot D3cold
Jan 05 21:09:27 steamdeck kernel: pci 0000:00:08.1: PCI bridge to [bus 04]
Jan 05 21:09:27 steamdeck kernel: pci 0000:00:08.1:   bridge window [io  0x1000-0x1fff]
Jan 05 21:09:27 steamdeck kernel: pci 0000:00:08.1:   bridge window [mem 0x80000000-0x803fffff]
Jan 05 21:09:27 steamdeck kernel: pci 0000:00:08.1:   bridge window [mem 0xf8e0000000-0xf8f01fffff 64bit pref]
Jan 05 21:09:27 steamdeck kernel: pci 0000:05:00.0: [1022:145a] type 00 class 0x130000
Jan 05 21:09:27 steamdeck kernel: pci 0000:05:00.0: enabling Extended Tags
Jan 05 21:09:27 steamdeck kernel: pci 0000:05:00.0: 126.016 Gb/s available PCIe bandwidth, limited by 8.0 GT/s PCIe x16 link at 0000:00:08.2 (capable of 252.048 Gb/s with 16.0 GT/s PCIe x16 link)
Jan 05 21:09:27 steamdeck kernel: pci 0000:00:08.2: PCI bridge to [bus 05]
Jan 05 21:09:27 steamdeck kernel: pci 0000:06:00.0: [1022:145a] type 00 class 0x130000
Jan 05 21:09:27 steamdeck kernel: pci 0000:06:00.0: enabling Extended Tags
Jan 05 21:09:27 steamdeck kernel: pci 0000:06:00.0: 126.016 Gb/s available PCIe bandwidth, limited by 8.0 GT/s PCIe x16 link at 0000:00:08.3 (capable of 252.048 Gb/s with 16.0 GT/s PCIe x16 link)
Jan 05 21:09:27 steamdeck kernel: pci 0000:00:08.3: PCI bridge to [bus 06]
Jan 05 21:09:27 steamdeck kernel: ACPI: PCI: Interrupt link LNKA configured for IRQ 0
Jan 05 21:09:27 steamdeck kernel: ACPI: PCI: Interrupt link LNKA disabled
Jan 05 21:09:27 steamdeck kernel: ACPI: PCI: Interrupt link LNKB configured for IRQ 0
Jan 05 21:09:27 steamdeck kernel: ACPI: PCI: Interrupt link LNKB disabled
Jan 05 21:09:27 steamdeck kernel: ACPI: PCI: Interrupt link LNKC configured for IRQ 0
Jan 05 21:09:27 steamdeck kernel: ACPI: PCI: Interrupt link LNKC disabled
Jan 05 21:09:27 steamdeck kernel: ACPI: PCI: Interrupt link LNKD configured for IRQ 0
Jan 05 21:09:27 steamdeck kernel: ACPI: PCI: Interrupt link LNKD disabled
Jan 05 21:09:27 steamdeck kernel: ACPI: PCI: Interrupt link LNKE configured for IRQ 0
Jan 05 21:09:27 steamdeck kernel: ACPI: PCI: Interrupt link LNKE disabled
Jan 05 21:09:27 steamdeck kernel: ACPI: PCI: Interrupt link LNKF configured for IRQ 0
Jan 05 21:09:27 steamdeck kernel: ACPI: PCI: Interrupt link LNKF disabled
Jan 05 21:09:27 steamdeck kernel: ACPI: PCI: Interrupt link LNKG configured for IRQ 0
Jan 05 21:09:27 steamdeck kernel: ACPI: PCI: Interrupt link LNKG disabled
Jan 05 21:09:27 steamdeck kernel: ACPI: PCI: Interrupt link LNKH configured for IRQ 0
Jan 05 21:09:27 steamdeck kernel: ACPI: PCI: Interrupt link LNKH disabled
Jan 05 21:09:27 steamdeck kernel: ACPI: EC: interrupt unblocked
Jan 05 21:09:27 steamdeck kernel: ACPI: EC: event unblocked
Jan 05 21:09:27 steamdeck kernel: ACPI: EC: EC_CMD/EC_SC=0x66, EC_DATA=0x62
Jan 05 21:09:27 steamdeck kernel: ACPI: EC: GPE=0xa
Jan 05 21:09:27 steamdeck kernel: ACPI: \_SB_.PCI0.LPC0.EC0_: Boot DSDT EC initialization complete
Jan 05 21:09:27 steamdeck kernel: ACPI: \_SB_.PCI0.LPC0.EC0_: EC: Used to handle transactions and events
Jan 05 21:09:27 steamdeck kernel: iommu: Default domain type: Translated 
Jan 05 21:09:27 steamdeck kernel: iommu: DMA domain TLB invalidation policy: lazy mode 
Jan 05 21:09:27 steamdeck kernel: SCSI subsystem initialized
Jan 05 21:09:27 steamdeck kernel: libata version 3.00 loaded.
Jan 05 21:09:27 steamdeck kernel: ACPI: bus type USB registered
Jan 05 21:09:27 steamdeck kernel: usbcore: registered new interface driver usbfs
Jan 05 21:09:27 steamdeck kernel: usbcore: registered new interface driver hub
Jan 05 21:09:27 steamdeck kernel: usbcore: registered new device driver usb
Jan 05 21:09:27 steamdeck kernel: pps_core: LinuxPPS API ver. 1 registered
Jan 05 21:09:27 steamdeck kernel: pps_core: Software ver. 5.3.6 - Copyright 2005-2007 Rodolfo Giometti <giometti@linux.it>
Jan 05 21:09:27 steamdeck kernel: PTP clock support registered
Jan 05 21:09:27 steamdeck kernel: EDAC MC: Ver: 3.0.0
Jan 05 21:09:27 steamdeck kernel: Registered efivars operations
Jan 05 21:09:27 steamdeck kernel: NetLabel: Initializing
Jan 05 21:09:27 steamdeck kernel: NetLabel:  domain hash size = 128
Jan 05 21:09:27 steamdeck kernel: NetLabel:  protocols = UNLABELED CIPSOv4 CALIPSO
Jan 05 21:09:27 steamdeck kernel: NetLabel:  unlabeled traffic allowed by default
Jan 05 21:09:27 steamdeck kernel: mctp: management component transport protocol core
Jan 05 21:09:27 steamdeck kernel: NET: Registered PF_MCTP protocol family
Jan 05 21:09:27 steamdeck kernel: PCI: Using ACPI for IRQ routing
Jan 05 21:09:27 steamdeck kernel: PCI: pci_cache_line_size set to 64 bytes
Jan 05 21:09:27 steamdeck kernel: Expanded resource Reserved due to conflict with PCI Bus 0000:00
Jan 05 21:09:27 steamdeck kernel: e820: reserve RAM buffer [mem 0x0009f000-0x0009ffff]
Jan 05 21:09:27 steamdeck kernel: e820: reserve RAM buffer [mem 0x09b00000-0x0bffffff]
Jan 05 21:09:27 steamdeck kernel: e820: reserve RAM buffer [mem 0x09f00000-0x0bffffff]
Jan 05 21:09:27 steamdeck kernel: e820: reserve RAM buffer [mem 0x6b368000-0x6bffffff]
Jan 05 21:09:27 steamdeck kernel: e820: reserve RAM buffer [mem 0x6c56f000-0x6fffffff]
Jan 05 21:09:27 steamdeck kernel: e820: reserve RAM buffer [mem 0x727d4000-0x73ffffff]
Jan 05 21:09:27 steamdeck kernel: e820: reserve RAM buffer [mem 0x74080000-0x77ffffff]
Jan 05 21:09:27 steamdeck kernel: e820: reserve RAM buffer [mem 0x7877f000-0x7bffffff]
Jan 05 21:09:27 steamdeck kernel: e820: reserve RAM buffer [mem 0x7d000000-0x7fffffff]
Jan 05 21:09:27 steamdeck kernel: e820: reserve RAM buffer [mem 0x37f380000-0x37fffffff]
Jan 05 21:09:27 steamdeck kernel: pci 0000:04:00.0: vgaarb: setting as boot VGA device
Jan 05 21:09:27 steamdeck kernel: pci 0000:04:00.0: vgaarb: bridge control possible
Jan 05 21:09:27 steamdeck kernel: pci 0000:04:00.0: vgaarb: VGA device added: decodes=io+mem,owns=none,locks=none
Jan 05 21:09:27 steamdeck kernel: vgaarb: loaded
Jan 05 21:09:27 steamdeck kernel: hpet0: at MMIO 0xfed00000, IRQs 2, 8, 0
Jan 05 21:09:27 steamdeck kernel: hpet0: 3 comparators, 32-bit 14.318180 MHz counter
Jan 05 21:09:27 steamdeck kernel: clocksource: Switched to clocksource tsc-early
Jan 05 21:09:27 steamdeck kernel: VFS: Disk quotas dquot_6.6.0
Jan 05 21:09:27 steamdeck kernel: VFS: Dquot-cache hash table entries: 512 (order 0, 4096 bytes)
Jan 05 21:09:27 steamdeck kernel: pnp: PnP ACPI init
Jan 05 21:09:27 steamdeck kernel: system 00:00: [mem 0xfec00000-0xfec01fff] could not be reserved
Jan 05 21:09:27 steamdeck kernel: system 00:00: [mem 0xfee00000-0xfee00fff] has been reserved
Jan 05 21:09:27 steamdeck kernel: system 00:00: [mem 0xa0000000-0xa00fffff] has been reserved
Jan 05 21:09:27 steamdeck kernel: system 00:03: [io  0x0400-0x04cf] has been reserved
Jan 05 21:09:27 steamdeck kernel: system 00:03: [io  0x04d0-0x04d1] has been reserved
Jan 05 21:09:27 steamdeck kernel: system 00:03: [io  0x04d6] has been reserved
Jan 05 21:09:27 steamdeck kernel: system 00:03: [io  0x0c00-0x0c01] has been reserved
Jan 05 21:09:27 steamdeck kernel: system 00:03: [io  0x0c14] has been reserved
Jan 05 21:09:27 steamdeck kernel: system 00:03: [io  0x0c50-0x0c52] has been reserved
Jan 05 21:09:27 steamdeck kernel: system 00:03: [io  0x0c6c] has been reserved
Jan 05 21:09:27 steamdeck kernel: system 00:03: [io  0x0c6f] has been reserved
Jan 05 21:09:27 steamdeck kernel: system 00:03: [io  0x0cd0-0x0cdb] has been reserved
Jan 05 21:09:27 steamdeck kernel: system 00:04: [mem 0x000e0000-0x000fffff] could not be reserved
Jan 05 21:09:27 steamdeck kernel: system 00:04: [mem 0xff000000-0xffffffff] has been reserved
Jan 05 21:09:27 steamdeck kernel: system 00:05: [mem 0xf8000000-0xfbffffff] has been reserved
Jan 05 21:09:27 steamdeck kernel: pnp: PnP ACPI: found 6 devices
Jan 05 21:09:27 steamdeck kernel: clocksource: acpi_pm: mask: 0xffffff max_cycles: 0xffffff, max_idle_ns: 2085701024 ns
Jan 05 21:09:27 steamdeck kernel: NET: Registered PF_INET protocol family
Jan 05 21:09:27 steamdeck kernel: IP idents hash table entries: 262144 (order: 9, 2097152 bytes, linear)
Jan 05 21:09:27 steamdeck kernel: tcp_listen_portaddr_hash hash table entries: 8192 (order: 5, 131072 bytes, linear)
Jan 05 21:09:27 steamdeck kernel: Table-perturb hash table entries: 65536 (order: 6, 262144 bytes, linear)
Jan 05 21:09:27 steamdeck kernel: TCP established hash table entries: 131072 (order: 8, 1048576 bytes, linear)
Jan 05 21:09:27 steamdeck kernel: TCP bind hash table entries: 65536 (order: 9, 2097152 bytes, linear)
Jan 05 21:09:27 steamdeck kernel: TCP: Hash tables configured (established 131072 bind 65536)
Jan 05 21:09:27 steamdeck kernel: MPTCP token hash table entries: 16384 (order: 6, 393216 bytes, linear)
Jan 05 21:09:27 steamdeck kernel: UDP hash table entries: 8192 (order: 6, 262144 bytes, linear)
Jan 05 21:09:27 steamdeck kernel: UDP-Lite hash table entries: 8192 (order: 6, 262144 bytes, linear)
Jan 05 21:09:27 steamdeck kernel: NET: Registered PF_UNIX/PF_LOCAL protocol family
Jan 05 21:09:27 steamdeck kernel: NET: Registered PF_XDP protocol family
Jan 05 21:09:27 steamdeck kernel: pci 0000:00:01.2: PCI bridge to [bus 01]
Jan 05 21:09:27 steamdeck kernel: pci 0000:00:01.2:   bridge window [mem 0x80600000-0x806fffff]
Jan 05 21:09:27 steamdeck kernel: pci 0000:00:01.3: PCI bridge to [bus 02]
Jan 05 21:09:27 steamdeck kernel: pci 0000:00:01.3:   bridge window [mem 0x80500000-0x805fffff]
Jan 05 21:09:27 steamdeck kernel: pci 0000:00:01.4: PCI bridge to [bus 03]
Jan 05 21:09:27 steamdeck kernel: pci 0000:00:01.4:   bridge window [io  0x2000-0x2fff]
Jan 05 21:09:27 steamdeck kernel: pci 0000:00:01.4:   bridge window [mem 0x80400000-0x804fffff]
Jan 05 21:09:27 steamdeck kernel: pci 0000:00:08.1: PCI bridge to [bus 04]
Jan 05 21:09:27 steamdeck kernel: pci 0000:00:08.1:   bridge window [io  0x1000-0x1fff]
Jan 05 21:09:27 steamdeck kernel: pci 0000:00:08.1:   bridge window [mem 0x80000000-0x803fffff]
Jan 05 21:09:27 steamdeck kernel: pci 0000:00:08.1:   bridge window [mem 0xf8e0000000-0xf8f01fffff 64bit pref]
Jan 05 21:09:27 steamdeck kernel: pci 0000:00:08.2: PCI bridge to [bus 05]
Jan 05 21:09:27 steamdeck kernel: pci 0000:00:08.3: PCI bridge to [bus 06]
Jan 05 21:09:27 steamdeck kernel: pci_bus 0000:00: resource 4 [io  0x0000-0x0cf7 window]
Jan 05 21:09:27 steamdeck kernel: pci_bus 0000:00: resource 5 [io  0x0d00-0xffff window]
Jan 05 21:09:27 steamdeck kernel: pci_bus 0000:00: resource 6 [mem 0x000a0000-0x000bffff window]
Jan 05 21:09:27 steamdeck kernel: pci_bus 0000:00: resource 7 [mem 0x000c0000-0x000cffff window]
Jan 05 21:09:27 steamdeck kernel: pci_bus 0000:00: resource 8 [mem 0x000d0000-0x000effff window]
Jan 05 21:09:27 steamdeck kernel: pci_bus 0000:00: resource 9 [mem 0x80000000-0xf7ffffff window]
Jan 05 21:09:27 steamdeck kernel: pci_bus 0000:00: resource 10 [mem 0xfc000000-0xfeafffff window]
Jan 05 21:09:27 steamdeck kernel: pci_bus 0000:00: resource 11 [mem 0xfed45000-0xfed814ff window]
Jan 05 21:09:27 steamdeck kernel: pci_bus 0000:00: resource 12 [mem 0xfed81900-0xfed81fff window]
Jan 05 21:09:27 steamdeck kernel: pci_bus 0000:00: resource 13 [mem 0xfedc0000-0xfedc0fff window]
Jan 05 21:09:27 steamdeck kernel: pci_bus 0000:00: resource 14 [mem 0xfedc6000-0xfedc6fff window]
Jan 05 21:09:27 steamdeck kernel: pci_bus 0000:00: resource 15 [mem 0x4a0200000-0xf8ffffffff window]
Jan 05 21:09:27 steamdeck kernel: pci_bus 0000:01: resource 1 [mem 0x80600000-0x806fffff]
Jan 05 21:09:27 steamdeck kernel: pci_bus 0000:02: resource 1 [mem 0x80500000-0x805fffff]
Jan 05 21:09:27 steamdeck kernel: pci_bus 0000:03: resource 0 [io  0x2000-0x2fff]
Jan 05 21:09:27 steamdeck kernel: pci_bus 0000:03: resource 1 [mem 0x80400000-0x804fffff]
Jan 05 21:09:27 steamdeck kernel: pci_bus 0000:04: resource 0 [io  0x1000-0x1fff]
Jan 05 21:09:27 steamdeck kernel: pci_bus 0000:04: resource 1 [mem 0x80000000-0x803fffff]
Jan 05 21:09:27 steamdeck kernel: pci_bus 0000:04: resource 2 [mem 0xf8e0000000-0xf8f01fffff 64bit pref]
Jan 05 21:09:27 steamdeck kernel: pci 0000:04:00.1: D0 power state depends on 0000:04:00.0
Jan 05 21:09:27 steamdeck kernel: pci 0000:04:00.4: quirk_usb_early_handoff+0x0/0x750 took 19442 usecs
Jan 05 21:09:27 steamdeck kernel: PCI: CLS 64 bytes, default 64
Jan 05 21:09:27 steamdeck kernel: PCI-DMA: Using software bounce buffering for IO (SWIOTLB)
Jan 05 21:09:27 steamdeck kernel: software IO TLB: mapped [mem 0x000000006dc01000-0x0000000071c01000] (64MB)
Jan 05 21:09:27 steamdeck kernel: Trying to unpack rootfs image as initramfs...
Jan 05 21:09:27 steamdeck kernel: LVT offset 0 assigned for vector 0x400
Jan 05 21:09:27 steamdeck kernel: perf: AMD IBS detected (0x000003ff)
Jan 05 21:09:27 steamdeck kernel: Initialise system trusted keyrings
Jan 05 21:09:27 steamdeck kernel: Key type blacklist registered
Jan 05 21:09:27 steamdeck kernel: workingset: timestamp_bits=41 max_order=22 bucket_order=0
Jan 05 21:09:27 steamdeck kernel: zbud: loaded
Jan 05 21:09:27 steamdeck kernel: integrity: Platform Keyring initialized
Jan 05 21:09:27 steamdeck kernel: integrity: Machine keyring initialized
Jan 05 21:09:27 steamdeck kernel: Key type asymmetric registered
Jan 05 21:09:27 steamdeck kernel: Asymmetric key parser 'x509' registered
Jan 05 21:09:27 steamdeck kernel: Freeing initrd memory: 12832K
Jan 05 21:09:27 steamdeck kernel: alg: self-tests for CTR-KDF (hmac(sha256)) passed
Jan 05 21:09:27 steamdeck kernel: Block layer SCSI generic (bsg) driver version 0.4 loaded (major 243)
Jan 05 21:09:27 steamdeck kernel: io scheduler mq-deadline registered
Jan 05 21:09:27 steamdeck kernel: io scheduler kyber registered
Jan 05 21:09:27 steamdeck kernel: io scheduler bfq registered
Jan 05 21:09:27 steamdeck kernel: pcieport 0000:00:01.2: PME: Signaling with IRQ 25
Jan 05 21:09:27 steamdeck kernel: pcieport 0000:00:01.2: AER: enabled with IRQ 25
Jan 05 21:09:27 steamdeck kernel: pcieport 0000:00:01.2: DPC: enabled with IRQ 25
Jan 05 21:09:27 steamdeck kernel: pcieport 0000:00:01.2: DPC: error containment capabilities: Int Msg #0, RPExt+ PoisonedTLP+ SwTrigger+ RP PIO Log 6, DL_ActiveErr+
Jan 05 21:09:27 steamdeck kernel: pcieport 0000:00:01.3: PME: Signaling with IRQ 26
Jan 05 21:09:27 steamdeck kernel: pcieport 0000:00:01.3: AER: enabled with IRQ 26
Jan 05 21:09:27 steamdeck kernel: pcieport 0000:00:01.3: DPC: enabled with IRQ 26
Jan 05 21:09:27 steamdeck kernel: pcieport 0000:00:01.3: DPC: error containment capabilities: Int Msg #0, RPExt+ PoisonedTLP+ SwTrigger+ RP PIO Log 6, DL_ActiveErr+
Jan 05 21:09:27 steamdeck kernel: pcieport 0000:00:01.4: PME: Signaling with IRQ 27
Jan 05 21:09:27 steamdeck kernel: pcieport 0000:00:01.4: AER: enabled with IRQ 27
Jan 05 21:09:27 steamdeck kernel: pcieport 0000:00:01.4: DPC: enabled with IRQ 27
Jan 05 21:09:27 steamdeck kernel: pcieport 0000:00:01.4: DPC: error containment capabilities: Int Msg #0, RPExt+ PoisonedTLP+ SwTrigger+ RP PIO Log 6, DL_ActiveErr+
Jan 05 21:09:27 steamdeck kernel: pcieport 0000:00:08.1: PME: Signaling with IRQ 28
Jan 05 21:09:27 steamdeck kernel: pcieport 0000:00:08.2: PME: Signaling with IRQ 29
Jan 05 21:09:27 steamdeck kernel: pcieport 0000:00:08.3: PME: Signaling with IRQ 30
Jan 05 21:09:27 steamdeck kernel: shpchp: Standard Hot Plug PCI Controller Driver version: 0.4
Jan 05 21:09:27 steamdeck kernel: ACPI: AC: AC Adapter [ACAD] (off-line)
Jan 05 21:09:27 steamdeck kernel: input: Power Button as /devices/LNXSYSTM:00/LNXSYBUS:00/PNP0C0C:00/input/input0
Jan 05 21:09:27 steamdeck kernel: ACPI: button: Power Button [PWRB]
Jan 05 21:09:27 steamdeck kernel: input: Lid Switch as /devices/LNXSYSTM:00/LNXSYBUS:00/PNP0C0D:00/input/input1
Jan 05 21:09:27 steamdeck kernel: ACPI: button: Lid Switch [LID]
Jan 05 21:09:27 steamdeck kernel: input: Power Button as /devices/LNXSYSTM:00/LNXPWRBN:00/input/input2
Jan 05 21:09:27 steamdeck kernel: ACPI: button: Power Button [PWRF]
Jan 05 21:09:27 steamdeck kernel: Monitor-Mwait will be used to enter C-1 state
Jan 05 21:09:27 steamdeck kernel: ACPI: \_SB_.PLTF.C000: Found 3 idle states
Jan 05 21:09:27 steamdeck kernel: ACPI: \_SB_.PLTF.C001: Found 3 idle states
Jan 05 21:09:27 steamdeck kernel: ACPI: \_SB_.PLTF.C002: Found 3 idle states
Jan 05 21:09:27 steamdeck kernel: ACPI: \_SB_.PLTF.C003: Found 3 idle states
Jan 05 21:09:27 steamdeck kernel: ACPI: \_SB_.PLTF.C004: Found 3 idle states
Jan 05 21:09:27 steamdeck kernel: ACPI: \_SB_.PLTF.C005: Found 3 idle states
Jan 05 21:09:27 steamdeck kernel: ACPI: \_SB_.PLTF.C006: Found 3 idle states
Jan 05 21:09:27 steamdeck kernel: ACPI: \_SB_.PLTF.C007: Found 3 idle states
Jan 05 21:09:27 steamdeck kernel: thermal LNXTHERM:00: registered as thermal_zone0
Jan 05 21:09:27 steamdeck kernel: ACPI: thermal: Thermal Zone [TZ01] (61 C)
Jan 05 21:09:27 steamdeck kernel: Serial: 8250/16550 driver, 32 ports, IRQ sharing enabled
Jan 05 21:09:27 steamdeck kernel: ACPI: battery: Slot [BAT1] (battery present)
Jan 05 21:09:27 steamdeck kernel: Non-volatile memory driver v1.3
Jan 05 21:09:27 steamdeck kernel: Linux agpgart interface v0.103
Jan 05 21:09:27 steamdeck kernel: AMD-Vi: AMD IOMMUv2 functionality not available on this system - This is not a bug.
Jan 05 21:09:27 steamdeck kernel: ACPI: bus type drm_connector registered
Jan 05 21:09:27 steamdeck kernel: usbcore: registered new interface driver usbserial_generic
Jan 05 21:09:27 steamdeck kernel: usbserial: USB Serial support registered for generic
Jan 05 21:09:27 steamdeck kernel: rtc_cmos 00:01: RTC can wake from S4
Jan 05 21:09:27 steamdeck kernel: rtc_cmos 00:01: registered as rtc0
Jan 05 21:09:27 steamdeck kernel: rtc_cmos 00:01: setting system clock to 2024-01-06T02:09:25 UTC (1704506965)
Jan 05 21:09:27 steamdeck kernel: rtc_cmos 00:01: alarms up to one month, 114 bytes nvram, hpet irqs
Jan 05 21:09:27 steamdeck kernel: ledtrig-cpu: registered to indicate activity on CPUs
Jan 05 21:09:27 steamdeck kernel: efifb: probing for efifb
Jan 05 21:09:27 steamdeck kernel: efifb: BGRT rotation bits set, not showing boot graphics
Jan 05 21:09:27 steamdeck kernel: efifb: framebuffer at 0xf8e0000000, using 4160k, total 4160k
Jan 05 21:09:27 steamdeck kernel: efifb: mode is 800x1280x32, linelength=3328, pages=1
Jan 05 21:09:27 steamdeck kernel: efifb: scrolling: redraw
Jan 05 21:09:27 steamdeck kernel: efifb: Truecolor: size=8:8:8:8, shift=24:16:8:0
Jan 05 21:09:27 steamdeck kernel: fbcon: Deferring console take-over
Jan 05 21:09:27 steamdeck kernel: fb0: EFI VGA frame buffer device
Jan 05 21:09:27 steamdeck kernel: hid: raw HID events driver (C) Jiri Kosina
Jan 05 21:09:27 steamdeck kernel: drop_monitor: Initializing network drop monitor service
Jan 05 21:09:27 steamdeck kernel: Initializing XFRM netlink socket
Jan 05 21:09:27 steamdeck kernel: NET: Registered PF_INET6 protocol family
Jan 05 21:09:27 steamdeck kernel: Segment Routing with IPv6
Jan 05 21:09:27 steamdeck kernel: RPL Segment Routing with IPv6
Jan 05 21:09:27 steamdeck kernel: In-situ OAM (IOAM) with IPv6
Jan 05 21:09:27 steamdeck kernel: NET: Registered PF_PACKET protocol family
Jan 05 21:09:27 steamdeck kernel: microcode: CPU0: patch_level=0x08900201
Jan 05 21:09:27 steamdeck kernel: microcode: CPU1: patch_level=0x08900201
Jan 05 21:09:27 steamdeck kernel: microcode: CPU2: patch_level=0x08900201
Jan 05 21:09:27 steamdeck kernel: microcode: CPU3: patch_level=0x08900201
Jan 05 21:09:27 steamdeck kernel: microcode: CPU4: patch_level=0x08900201
Jan 05 21:09:27 steamdeck kernel: microcode: CPU5: patch_level=0x08900201
Jan 05 21:09:27 steamdeck kernel: microcode: CPU6: patch_level=0x08900201
Jan 05 21:09:27 steamdeck kernel: microcode: CPU7: patch_level=0x08900201
Jan 05 21:09:27 steamdeck kernel: microcode: Microcode Update Driver: v2.2.
Jan 05 21:09:27 steamdeck kernel: resctrl: L3 allocation detected
Jan 05 21:09:27 steamdeck kernel: resctrl: MB allocation detected
Jan 05 21:09:27 steamdeck kernel: resctrl: L3 monitoring detected
Jan 05 21:09:27 steamdeck kernel: IPI shorthand broadcast: enabled
Jan 05 21:09:27 steamdeck kernel: sched_clock: Marking stable (454210563, 381499)->(456343714, -1751652)
Jan 05 21:09:27 steamdeck kernel: registered taskstats version 1
Jan 05 21:09:27 steamdeck kernel: Loading compiled-in X.509 certificates
Jan 05 21:09:27 steamdeck kernel: Loaded X.509 cert 'Build time autogenerated kernel key: 88149a51854a272e669dd19461478da877ecebef'
Jan 05 21:09:27 steamdeck kernel: zswap: loaded using pool lz4/z3fold
Jan 05 21:09:27 steamdeck kernel: Key type .fscrypt registered
Jan 05 21:09:27 steamdeck kernel: Key type fscrypt-provisioning registered
Jan 05 21:09:27 steamdeck kernel: PM:   Magic number: 8:244:156
Jan 05 21:09:27 steamdeck kernel: acpi device:23: hash matches
Jan 05 21:09:27 steamdeck kernel: acpi PNP0A08:00: hash matches
Jan 05 21:09:27 steamdeck kernel: RAS: Correctable Errors collector initialized.
Jan 05 21:09:27 steamdeck kernel: Freeing unused decrypted memory: 2044K
Jan 05 21:09:27 steamdeck kernel: Freeing unused kernel image (initmem) memory: 1944K
Jan 05 21:09:27 steamdeck kernel: Write protecting the kernel read-only data: 30720k
Jan 05 21:09:27 steamdeck kernel: Freeing unused kernel image (text/rodata gap) memory: 2040K
Jan 05 21:09:27 steamdeck kernel: Freeing unused kernel image (rodata/data gap) memory: 980K
Jan 05 21:09:27 steamdeck kernel: x86/mm: Checked W+X mappings: passed, no W+X pages found.
Jan 05 21:09:27 steamdeck kernel: rodata_test: all tests were successful
Jan 05 21:09:27 steamdeck kernel: Run /init as init process
Jan 05 21:09:27 steamdeck kernel:   with arguments:
Jan 05 21:09:27 steamdeck kernel:     /init
Jan 05 21:09:27 steamdeck kernel:     splash
Jan 05 21:09:27 steamdeck kernel:   with environment:
Jan 05 21:09:27 steamdeck kernel:     HOME=/
Jan 05 21:09:27 steamdeck kernel:     TERM=linux
Jan 05 21:09:27 steamdeck kernel:     BOOT_IMAGE=/boot/vmlinuz-linux-neptune-61
Jan 05 21:09:27 steamdeck kernel: spi_amd: unknown parameter 'speed_dev' ignored
Jan 05 21:09:27 steamdeck kernel: i8042: PNP: PS/2 Controller [PNP0303:KBC0] at 0x60,0x64 irq 1
Jan 05 21:09:27 steamdeck kernel: i8042: PNP: PS/2 appears to have AUX port disabled, if this is incorrect please boot with i8042.nopnp
Jan 05 21:09:27 steamdeck kernel: serio: i8042 KBD port at 0x60,0x64 irq 1
Jan 05 21:09:27 steamdeck kernel: xhci_hcd 0000:04:00.3: xHCI Host Controller
Jan 05 21:09:27 steamdeck kernel: xhci_hcd 0000:04:00.3: new USB bus registered, assigned bus number 1
Jan 05 21:09:27 steamdeck kernel: xhci_hcd 0000:04:00.3: hcc params 0x0110ffe5 hci version 0x110 quirks 0x0000000000000410
Jan 05 21:09:27 steamdeck kernel: xhci_hcd 0000:04:00.3: xHCI Host Controller
Jan 05 21:09:27 steamdeck kernel: xhci_hcd 0000:04:00.3: new USB bus registered, assigned bus number 2
Jan 05 21:09:27 steamdeck kernel: xhci_hcd 0000:04:00.3: Host supports USB 3.1 Enhanced SuperSpeed
Jan 05 21:09:27 steamdeck kernel: usb usb1: New USB device found, idVendor=1d6b, idProduct=0002, bcdDevice= 6.01
Jan 05 21:09:27 steamdeck kernel: usb usb1: New USB device strings: Mfr=3, Product=2, SerialNumber=1
Jan 05 21:09:27 steamdeck kernel: usb usb1: Product: xHCI Host Controller
Jan 05 21:09:27 steamdeck kernel: usb usb1: Manufacturer: Linux 6.1.52-valve14-1-neptune-61 xhci-hcd
Jan 05 21:09:27 steamdeck kernel: usb usb1: SerialNumber: 0000:04:00.3
Jan 05 21:09:27 steamdeck kernel: hub 1-0:1.0: USB hub found
Jan 05 21:09:27 steamdeck kernel: hub 1-0:1.0: 1 port detected
Jan 05 21:09:27 steamdeck kernel: usb usb2: We don't know the algorithms for LPM for this host, disabling LPM.
Jan 05 21:09:27 steamdeck kernel: usb usb2: New USB device found, idVendor=1d6b, idProduct=0003, bcdDevice= 6.01
Jan 05 21:09:27 steamdeck kernel: usb usb2: New USB device strings: Mfr=3, Product=2, SerialNumber=1
Jan 05 21:09:27 steamdeck kernel: usb usb2: Product: xHCI Host Controller
Jan 05 21:09:27 steamdeck kernel: usb usb2: Manufacturer: Linux 6.1.52-valve14-1-neptune-61 xhci-hcd
Jan 05 21:09:27 steamdeck kernel: usb usb2: SerialNumber: 0000:04:00.3
Jan 05 21:09:27 steamdeck kernel: hub 2-0:1.0: USB hub found
Jan 05 21:09:27 steamdeck kernel: hub 2-0:1.0: 1 port detected
Jan 05 21:09:27 steamdeck kernel: xhci_hcd 0000:04:00.4: xHCI Host Controller
Jan 05 21:09:27 steamdeck kernel: xhci_hcd 0000:04:00.4: new USB bus registered, assigned bus number 3
Jan 05 21:09:27 steamdeck kernel: xhci_hcd 0000:04:00.4: hcc params 0x0128ffe5 hci version 0x110 quirks 0x0000000000000410
Jan 05 21:09:27 steamdeck kernel: sdhci: Secure Digital Host Controller Interface driver
Jan 05 21:09:27 steamdeck kernel: sdhci: Copyright(c) Pierre Ossman
Jan 05 21:09:27 steamdeck kernel: xhci_hcd 0000:04:00.4: xHCI Host Controller
Jan 05 21:09:27 steamdeck kernel: xhci_hcd 0000:04:00.4: new USB bus registered, assigned bus number 4
Jan 05 21:09:27 steamdeck kernel: xhci_hcd 0000:04:00.4: Host supports USB 3.1 Enhanced SuperSpeed
Jan 05 21:09:27 steamdeck kernel: usb usb3: New USB device found, idVendor=1d6b, idProduct=0002, bcdDevice= 6.01
Jan 05 21:09:27 steamdeck kernel: usb usb3: New USB device strings: Mfr=3, Product=2, SerialNumber=1
Jan 05 21:09:27 steamdeck kernel: usb usb3: Product: xHCI Host Controller
Jan 05 21:09:27 steamdeck kernel: usb usb3: Manufacturer: Linux 6.1.52-valve14-1-neptune-61 xhci-hcd
Jan 05 21:09:27 steamdeck kernel: usb usb3: SerialNumber: 0000:04:00.4
Jan 05 21:09:27 steamdeck kernel: hub 3-0:1.0: USB hub found
Jan 05 21:09:27 steamdeck kernel: hub 3-0:1.0: 6 ports detected
Jan 05 21:09:27 steamdeck kernel: usb usb4: We don't know the algorithms for LPM for this host, disabling LPM.
Jan 05 21:09:27 steamdeck kernel: usb usb4: New USB device found, idVendor=1d6b, idProduct=0003, bcdDevice= 6.01
Jan 05 21:09:27 steamdeck kernel: usb usb4: New USB device strings: Mfr=3, Product=2, SerialNumber=1
Jan 05 21:09:27 steamdeck kernel: usb usb4: Product: xHCI Host Controller
Jan 05 21:09:27 steamdeck kernel: usb usb4: Manufacturer: Linux 6.1.52-valve14-1-neptune-61 xhci-hcd
Jan 05 21:09:27 steamdeck kernel: usb usb4: SerialNumber: 0000:04:00.4
Jan 05 21:09:27 steamdeck kernel: hub 4-0:1.0: USB hub found
Jan 05 21:09:27 steamdeck kernel: hub 4-0:1.0: 2 ports detected
Jan 05 21:09:27 steamdeck kernel: nvme nvme0: pci function 0000:01:00.0
Jan 05 21:09:27 steamdeck kernel: nvme nvme0: Shutdown timeout set to 8 seconds
Jan 05 21:09:27 steamdeck kernel: nvme nvme0: allocated 64 MiB host memory buffer.
Jan 05 21:09:27 steamdeck kernel: nvme nvme0: 12/0/0 default/read/poll queues
Jan 05 21:09:27 steamdeck kernel:  nvme0n1: p1 p2 p3 p4 p5 p6 p7 p8
Jan 05 21:09:27 steamdeck kernel: sdhci-pci 0000:02:00.0: SDHCI controller found [1217:8621] (rev 1)
Jan 05 21:09:27 steamdeck kernel: mmc0: SDHCI controller on PCI [0000:02:00.0] using ADMA
Jan 05 21:09:27 steamdeck kernel: raid6: skipped pq benchmark and selected avx2x4
Jan 05 21:09:27 steamdeck kernel: raid6: using avx2x2 recovery algorithm
Jan 05 21:09:27 steamdeck kernel: xor: automatically using best checksumming function   avx       
Jan 05 21:09:27 steamdeck kernel: usb 3-3: new full-speed USB device number 2 using xhci_hcd
Jan 05 21:09:27 steamdeck kernel: Btrfs loaded, crc32c=crc32c-intel, zoned=yes, fsverity=yes
Jan 05 21:09:27 steamdeck kernel: usb 3-3: New USB device found, idVendor=28de, idProduct=1205, bcdDevice= 3.00
Jan 05 21:09:27 steamdeck kernel: usb 3-3: New USB device strings: Mfr=1, Product=2, SerialNumber=3
Jan 05 21:09:27 steamdeck kernel: usb 3-3: Product: Steam Controller
Jan 05 21:09:27 steamdeck kernel: usb 3-3: Manufacturer: Valve Software
Jan 05 21:09:27 steamdeck kernel: usb 3-3: SerialNumber: 123456789ABCDEF
Jan 05 21:09:27 steamdeck kernel: BTRFS: device label rootfs devid 1 transid 24 /dev/nvme0n1p4 scanned by (udev-worker) (203)
Jan 05 21:09:27 steamdeck kernel: BTRFS: device label rootfs devid 1 transid 22 /dev/nvme0n1p5 scanned by (udev-worker) (180)
Jan 05 21:09:27 steamdeck kernel: input: Valve Software Steam Controller as /devices/pci0000:00/0000:00:08.1/0000:04:00.4/usb3/3-3/3-3:1.0/0003:28DE:1205.0001/input/input3
Jan 05 21:09:27 steamdeck kernel: hid-generic 0003:28DE:1205.0001: input,hidraw0: USB HID v1.10 Mouse [Valve Software Steam Controller] on usb-0000:04:00.4-3/input0
Jan 05 21:09:27 steamdeck kernel: input: Valve Software Steam Controller as /devices/pci0000:00/0000:00:08.1/0000:04:00.4/usb3/3-3/3-3:1.1/0003:28DE:1205.0002/input/input4
Jan 05 21:09:27 steamdeck kernel: hid-generic 0003:28DE:1205.0002: input,hidraw1: USB HID v1.10 Keyboard [Valve Software Steam Controller] on usb-0000:04:00.4-3/input1
Jan 05 21:09:27 steamdeck kernel: hid-generic 0003:28DE:1205.0003: hiddev96,hidraw2: USB HID v1.10 Device [Valve Software Steam Controller] on usb-0000:04:00.4-3/input2
Jan 05 21:09:27 steamdeck kernel: usbcore: registered new interface driver usbhid
Jan 05 21:09:27 steamdeck kernel: usbhid: USB HID core driver
Jan 05 21:09:27 steamdeck kernel: tsc: Refined TSC clocksource calibration: 2799.999 MHz
Jan 05 21:09:27 steamdeck kernel: clocksource: tsc: mask: 0xffffffffffffffff max_cycles: 0x285c3fb0b68, max_idle_ns: 440795224466 ns
Jan 05 21:09:27 steamdeck kernel: clocksource: Switched to clocksource tsc
Jan 05 21:09:27 steamdeck kernel: usb 3-5: new full-speed USB device number 3 using xhci_hcd
Jan 05 21:09:27 steamdeck kernel: usb 3-5: New USB device found, idVendor=13d3, idProduct=3553, bcdDevice= 0.00
Jan 05 21:09:27 steamdeck kernel: usb 3-5: New USB device strings: Mfr=1, Product=2, SerialNumber=3
Jan 05 21:09:27 steamdeck kernel: usb 3-5: Product: Bluetooth Radio
Jan 05 21:09:27 steamdeck kernel: usb 3-5: Manufacturer: Realtek
Jan 05 21:09:27 steamdeck kernel: usb 3-5: SerialNumber: 00e04c000001
Jan 05 21:09:27 steamdeck kernel: fbcon: Taking over console
Jan 05 21:09:27 steamdeck kernel: Console: switching consoles 4-6 to frame buffer device
Jan 05 21:09:27 steamdeck kernel: BTRFS info (device nvme0n1p4): using crc32c (crc32c-intel) checksum algorithm
Jan 05 21:09:27 steamdeck kernel: BTRFS info (device nvme0n1p4): using free space tree
Jan 05 21:09:27 steamdeck kernel: BTRFS info (device nvme0n1p4): enabling ssd optimizations
Jan 05 21:09:27 steamdeck kernel: EXT4-fs (nvme0n1p6): mounted filesystem with ordered data mode. Quota mode: none.
Jan 05 21:09:27 steamdeck kernel: overlayfs: "xino" feature enabled using 2 upper inode bits.
Jan 05 21:09:27 steamdeck kernel: Module tpm is blacklisted
Jan 05 21:09:27 steamdeck systemd[1]: systemd 253.5-2-arch running in system mode (+PAM +AUDIT -SELINUX -APPARMOR -IMA +SMACK +SECCOMP +GCRYPT +GNUTLS +OPENSSL +ACL +BLKID +CURL +ELFUTILS +FIDO2 +IDN2 -IDN +IPTC +KMOD +LIBCRYPTSETUP +LIBFDISK +PCRE2 -PWQUALITY +P11KIT -QRENCODE +TPM2 +BZIP2 +LZ4 +XZ +ZLIB +ZSTD +BPF_FRAMEWORK +XKBCOMMON +UTMP -SYSVINIT default-hierarchy=unified)
Jan 05 21:09:27 steamdeck systemd[1]: Detected architecture x86-64.
Jan 05 21:09:27 steamdeck systemd[1]: Hostname set to <steamdeck>.
Jan 05 21:09:27 steamdeck kernel: mmc0: new ultra high speed SDR104 SDXC card at address aaaa
Jan 05 21:09:27 steamdeck systemd[1]: bpf-lsm: LSM BPF program attached
Jan 05 21:09:27 steamdeck systemd-gpt-auto-generator[346]: EFI loader partition unknown, exiting.
Jan 05 21:09:27 steamdeck systemd-gpt-auto-generator[346]: (The boot loader did not set EFI variable LoaderDevicePartUUID.)
Jan 05 21:09:27 steamdeck systemd[1]: Queued start job for default target Graphical Interface.
Jan 05 21:09:27 steamdeck systemd[1]: Created slice Slice /system/getty.
Jan 05 21:09:27 steamdeck systemd[1]: Created slice Slice /system/modprobe.
Jan 05 21:09:27 steamdeck systemd[1]: Created slice Slice /system/systemd-fsck.
Jan 05 21:09:27 steamdeck systemd[1]: Created slice Slice /system/systemd-growfs.
Jan 05 21:09:27 steamdeck systemd[1]: Created slice User and Session Slice.
Jan 05 21:09:27 steamdeck systemd[1]: Started Dispatch Password Requests to Console Directory Watch.
Jan 05 21:09:27 steamdeck systemd[1]: Started Forward Password Requests to Wall Directory Watch.
Jan 05 21:09:27 steamdeck systemd[1]: Set up automount Arbitrary Executable File Formats File System Automount Point.
Jan 05 21:09:27 steamdeck systemd[1]: Reached target Local Encrypted Volumes.
Jan 05 21:09:27 steamdeck systemd[1]: Reached target Login Prompts.
Jan 05 21:09:27 steamdeck systemd[1]: Reached target Local Integrity Protected Volumes.
Jan 05 21:09:27 steamdeck systemd[1]: Reached target Path Units.
Jan 05 21:09:27 steamdeck systemd[1]: Reached target Remote File Systems.
Jan 05 21:09:27 steamdeck systemd[1]: Reached target Slice Units.
Jan 05 21:09:27 steamdeck systemd[1]: Reached target Local Verity Protected Volumes.
Jan 05 21:09:27 steamdeck systemd[1]: Listening on Device-mapper event daemon FIFOs.
Jan 05 21:09:27 steamdeck systemd[1]: Listening on Process Core Dump Socket.
Jan 05 21:09:27 steamdeck systemd[1]: Listening on Journal Socket (/dev/log).
Jan 05 21:09:27 steamdeck systemd[1]: Listening on Journal Socket.
Jan 05 21:09:27 steamdeck systemd[1]: Listening on udev Control Socket.
Jan 05 21:09:27 steamdeck systemd[1]: Listening on udev Kernel Socket.
Jan 05 21:09:27 steamdeck systemd[1]: Mounting Huge Pages File System...
Jan 05 21:09:27 steamdeck systemd[1]: Mounting POSIX Message Queue File System...
Jan 05 21:09:27 steamdeck systemd[1]: Mounting Kernel Debug File System...
Jan 05 21:09:27 steamdeck systemd[1]: Mounting Kernel Trace File System...
Jan 05 21:09:27 steamdeck systemd[1]: Starting Create List of Static Device Nodes...
Jan 05 21:09:27 steamdeck systemd[1]: Starting Load Kernel Module configfs...
Jan 05 21:09:27 steamdeck systemd[1]: Starting Load Kernel Module dm_mod...
Jan 05 21:09:27 steamdeck systemd[1]: Starting Load Kernel Module drm...
Jan 05 21:09:27 steamdeck systemd[1]: Starting Load Kernel Module fuse...
Jan 05 21:09:27 steamdeck systemd[1]: Starting Load Kernel Module loop...
Jan 05 21:09:27 steamdeck systemd[1]: Starting Journal Service...
Jan 05 21:09:27 steamdeck systemd[1]: Starting Load Kernel Modules...
Jan 05 21:09:27 steamdeck systemd[1]: TPM2 PCR Machine ID Measurement was skipped because of an unmet condition check (ConditionPathExists=/sys/firmware/efi/efivars/StubPcrKernelImage-4a67b082-0a4c-41cf-b6c7-440b29bb8c4f).
Jan 05 21:09:27 steamdeck systemd[1]: Starting Remount Root and Kernel File Systems...
Jan 05 21:09:27 steamdeck systemd[1]: Starting Coldplug All udev Devices...
Jan 05 21:09:27 steamdeck kernel: loop: module loaded
Jan 05 21:09:27 steamdeck systemd[1]: Mounted Huge Pages File System.
Jan 05 21:09:27 steamdeck systemd[1]: Mounted POSIX Message Queue File System.
Jan 05 21:09:27 steamdeck systemd[1]: Mounted Kernel Debug File System.
Jan 05 21:09:27 steamdeck systemd[1]: Mounted Kernel Trace File System.
Jan 05 21:09:27 steamdeck kernel: device-mapper: uevent: version 1.0.3
Jan 05 21:09:27 steamdeck kernel: device-mapper: ioctl: 4.47.0-ioctl (2022-07-28) initialised: dm-devel@redhat.com
Jan 05 21:09:27 steamdeck kernel: fuse: init (API version 7.37)
Jan 05 21:09:27 steamdeck systemd-journald[367]: Collecting audit messages is disabled.
Jan 05 21:09:27 steamdeck kernel: Asymmetric key parser 'pkcs8' registered
Jan 05 21:09:27 steamdeck systemd[1]: Finished Create List of Static Device Nodes.
Jan 05 21:09:27 steamdeck systemd[1]: modprobe@configfs.service: Deactivated successfully.
Jan 05 21:09:27 steamdeck systemd-journald[367]: Journal started
Jan 05 21:09:27 steamdeck systemd-journald[367]: Runtime Journal (/run/log/journal/013519e787e24b8c886e4f3a7d510696) is 8.0M, max 589.5M, 581.5M free.
Jan 05 21:09:27 steamdeck systemd-modules-load[368]: Inserted module 'crypto_user'
Jan 05 21:09:27 steamdeck systemd-modules-load[368]: Inserted module 'pkcs8_key_parser'
Jan 05 21:09:27 steamdeck systemd[1]: modprobe@dm_mod.service: Deactivated successfully.
Jan 05 21:09:27 steamdeck systemd[1]: Finished Load Kernel Module configfs.
Jan 05 21:09:27 steamdeck systemd[1]: Started Journal Service.
Jan 05 21:09:28 steamdeck systemd[1]: Finished Load Kernel Module dm_mod.
Jan 05 21:09:28 steamdeck systemd[1]: modprobe@drm.service: Deactivated successfully.
Jan 05 21:09:28 steamdeck systemd[1]: Finished Load Kernel Module drm.
Jan 05 21:09:28 steamdeck systemd[1]: modprobe@fuse.service: Deactivated successfully.
Jan 05 21:09:28 steamdeck systemd[1]: Finished Load Kernel Module fuse.
Jan 05 21:09:28 steamdeck systemd[1]: modprobe@loop.service: Deactivated successfully.
Jan 05 21:09:28 steamdeck systemd[1]: Finished Load Kernel Module loop.
Jan 05 21:09:28 steamdeck systemd[1]: Finished Load Kernel Modules.
Jan 05 21:09:28 steamdeck systemd[1]: Finished Remount Root and Kernel File Systems.
Jan 05 21:09:28 steamdeck systemd[1]: Finished Coldplug All udev Devices.
Jan 05 21:09:28 steamdeck systemd[1]: Mounting FUSE Control File System...
Jan 05 21:09:28 steamdeck systemd[1]: Mounting Kernel Configuration File System...
Jan 05 21:09:28 steamdeck systemd[1]: First Boot Wizard was skipped because of an unmet condition check (ConditionFirstBoot=yes).
Jan 05 21:09:28 steamdeck systemd[1]: Rebuild Hardware Database was skipped because of an unmet condition check (ConditionNeedsUpdate=/etc).
Jan 05 21:09:28 steamdeck systemd[1]: Starting Load/Save OS Random Seed...
Jan 05 21:09:28 steamdeck systemd[1]: Starting Repartition Root Disk...
Jan 05 21:09:28 steamdeck systemd[1]: Starting Apply Kernel Variables...
Jan 05 21:09:28 steamdeck systemd[1]: Create System Users was skipped because no trigger condition checks were met.
Jan 05 21:09:28 steamdeck systemd[1]: Starting Create Static Device Nodes in /dev...
Jan 05 21:09:28 steamdeck systemd[1]: Mounted FUSE Control File System.
Jan 05 21:09:28 steamdeck systemd[1]: Mounted Kernel Configuration File System.
Jan 05 21:09:28 steamdeck systemd-repart[376]: TYPE                                 LABEL    UUID                                 FILE         NODE                 SIZE PADDING
Jan 05 21:09:28 steamdeck systemd-repart[376]: home                                 home     31ed29ec-2c84-42ac-963c-d480ac69a26b 90-home.conf /dev/nvme0n1p8     466.3G      0B
Jan 05 21:09:28 steamdeck systemd-repart[376]: esp                                  esp      00d3d83f-4d96-4d03-b096-40b46a510bff              /dev/nvme0n1p1      64.0M      0B
Jan 05 21:09:28 steamdeck systemd-repart[376]: ebd0a0a2-b9e5-4433-87c0-68b6b72699c7 efi-A    c36da016-b2df-4e99-890c-aae4a1c0380e              /dev/nvme0n1p2      32.0M      0B
Jan 05 21:09:28 steamdeck systemd-repart[376]: ebd0a0a2-b9e5-4433-87c0-68b6b72699c7 efi-B    ace4c494-6dd4-4be7-87be-d7f370b6b511              /dev/nvme0n1p3      32.0M      0B
Jan 05 21:09:28 steamdeck systemd-repart[376]: root-x86-64                          rootfs-A 49716aa4-8d21-442b-9d0b-988cf1ba43e1              /dev/nvme0n1p4       5.0G      0B
Jan 05 21:09:28 steamdeck systemd-repart[376]: root-x86-64                          rootfs-B 5ddf7aae-38ee-4f5f-9bcd-ba4ef6a2362a              /dev/nvme0n1p5       5.0G      0B
Jan 05 21:09:28 steamdeck systemd-repart[376]: var                                  var-A    db91f7e5-d635-47dd-80da-23be033c7d3e              /dev/nvme0n1p6     256.0M      0B
Jan 05 21:09:28 steamdeck systemd-repart[376]: var                                  var-B    0873a723-face-4952-bd89-84578f3e9987              /dev/nvme0n1p7     256.0M      0B
Jan 05 21:09:28 steamdeck systemd-repart[376]:                                                                                                                 = 476.9G   = 0B
Jan 05 21:09:28 steamdeck systemd-repart[376]:  
Jan 05 21:09:28 steamdeck systemd-repart[376]:  
Jan 05 21:09:28 steamdeck systemd-repart[376]:  
Jan 05 21:09:28 steamdeck systemd-repart[376]:   rootfs-B
Jan 05 21:09:28 steamdeck systemd-repart[376]:   rootfs-A
Jan 05 21:09:28 steamdeck systemd-repart[376]:   efi-B
Jan 05 21:09:28 steamdeck systemd-repart[376]:   efi-A
Jan 05 21:09:28 steamdeck systemd-repart[376]:   esp
Jan 05 21:09:28 steamdeck systemd-repart[376]:    90-home.conf
Jan 05 21:09:28 steamdeck systemd-repart[376]: No changes.
Jan 05 21:09:28 steamdeck systemd[1]: Finished Load/Save OS Random Seed.
Jan 05 21:09:28 steamdeck systemd[1]: Finished Repartition Root Disk.
Jan 05 21:09:28 steamdeck systemd[1]: Finished Apply Kernel Variables.
Jan 05 21:09:28 steamdeck systemd[1]: First Boot Complete was skipped because of an unmet condition check (ConditionFirstBoot=yes).
Jan 05 21:09:28 steamdeck systemd[1]: Finished Create Static Device Nodes in /dev.
Jan 05 21:09:28 steamdeck systemd[1]: Reached target Preparation for Local File Systems.
Jan 05 21:09:28 steamdeck systemd[1]: Set up automount efi.automount.
Jan 05 21:09:28 steamdeck systemd[1]: Set up automount esp.automount.
Jan 05 21:09:28 steamdeck systemd[1]: Virtual Machine and Container Storage (Compatibility) was skipped because of an unmet condition check (ConditionPathExists=/var/lib/machines.raw).
Jan 05 21:09:28 steamdeck systemd[1]: Starting Rule-based Manager for Device Events and Files...
Jan 05 21:09:28 steamdeck systemd-udevd[381]: Using default interface naming scheme 'v253'.
Jan 05 21:09:28 steamdeck systemd[1]: Started Rule-based Manager for Device Events and Files.
Jan 05 21:09:28 steamdeck systemd[1]: Found device SAMSUNG MZ9LQ512HBLU-00BVL efi.
Jan 05 21:09:28 steamdeck mtp-probe[419]: checking bus 3, device 2: "/sys/devices/pci0000:00/0000:00:08.1/0000:04:00.4/usb3/3-3"
Jan 05 21:09:28 steamdeck mtp-probe[419]: bus: 3, device: 2 was not an MTP device
Jan 05 21:09:28 steamdeck systemd[1]: Found device SAMSUNG MZ9LQ512HBLU-00BVL esp.
Jan 05 21:09:28 steamdeck systemd[1]: Found device SAMSUNG MZ9LQ512HBLU-00BVL home.
Jan 05 21:09:28 steamdeck kernel: acpi_cpufreq: overriding BIOS provided _PSD data
Jan 05 21:09:28 steamdeck kernel: Module tpm is blacklisted
Jan 05 21:09:28 steamdeck kernel: AMDI0020:00: ttyS4 at MMIO 0xfedc9000 (irq = 3, base_baud = 3000000) is a 16550A
Jan 05 21:09:28 steamdeck kernel: i2c_designware AMDI0010:00: i2c_dw_handle_tx_abort: lost arbitration
Jan 05 21:09:28 steamdeck kernel: i2c_designware AMDI0010:00: i2c_dw_handle_tx_abort: lost arbitration
Jan 05 21:09:28 steamdeck kernel: Module tpm is blacklisted
Jan 05 21:09:28 steamdeck kernel: i2c_designware AMDI0010:00: i2c_dw_handle_tx_abort: lost arbitration
Jan 05 21:09:28 steamdeck kernel: i2c_designware AMDI0010:00: i2c_dw_handle_tx_abort: lost arbitration
Jan 05 21:09:28 steamdeck kernel: input: Valve Software Steam Controller as /devices/pci0000:00/0000:00:08.1/0000:04:00.4/usb3/3-3/3-3:1.0/0003:28DE:1205.0001/input/input5
Jan 05 21:09:28 steamdeck kernel: hid-steam 0003:28DE:1205.0001: input,hidraw0: USB HID v1.10 Mouse [Valve Software Steam Controller] on usb-0000:04:00.4-3/input0
Jan 05 21:09:28 steamdeck kernel: opt3001 i2c-PRP0001:00: failed to read register 7e
Jan 05 21:09:28 steamdeck kernel: piix4_smbus 0000:00:14.0: SMBus Host Controller at 0xb00, revision 0
Jan 05 21:09:28 steamdeck kernel: piix4_smbus 0000:00:14.0: Using register 0x02 for SMBus port selection
Jan 05 21:09:28 steamdeck kernel: piix4_smbus 0000:00:14.0: Auxiliary SMBus Host Controller at 0xb20
Jan 05 21:09:28 steamdeck kernel: ccp 0000:04:00.2: enabling device (0000 -> 0002)
Jan 05 21:09:28 steamdeck kernel: cdc_acm 3-3:1.3: ttyACM0: USB ACM device
Jan 05 21:09:28 steamdeck kernel: usbcore: registered new interface driver cdc_acm
Jan 05 21:09:28 steamdeck kernel: cdc_acm: USB Abstract Control Model driver for USB modems and ISDN adapters
Jan 05 21:09:28 steamdeck systemd[1]: Starting File System Check on /dev/disk/by-partsets/self/efi...
Jan 05 21:09:28 steamdeck systemd[1]: Starting File System Check on /dev/disk/by-partsets/shared/esp...
Jan 05 21:09:28 steamdeck systemd[1]: Starting File System Check on /dev/disk/by-partsets/shared/home...
Jan 05 21:09:28 steamdeck kernel: ccp 0000:04:00.2: tee enabled
Jan 05 21:09:28 steamdeck kernel: ccp 0000:04:00.2: psp enabled
Jan 05 21:09:28 steamdeck kernel: opt3001: probe of i2c-PRP0001:00 failed with error -121
Jan 05 21:09:28 steamdeck kernel: mmcblk0: mmc0:aaaa SD400 367 GiB 
Jan 05 21:09:28 steamdeck systemd-fsck[427]: fsck.fat 4.2 (2021-01-31)
Jan 05 21:09:28 steamdeck systemd-fsck[427]: /dev/nvme0n1p2: 13 files, 340/16343 clusters
Jan 05 21:09:28 steamdeck systemd-fsck[431]: fsck.fat 4.2 (2021-01-31)
Jan 05 21:09:28 steamdeck systemd-fsck[431]: /dev/nvme0n1p1: 18 files, 895/32695 clusters
Jan 05 21:09:28 steamdeck systemd-fsck[433]: home: clean, 174902/7641088 files, 84687917/122241361 blocks
Jan 05 21:09:28 steamdeck kernel:  mmcblk0: p1
Jan 05 21:09:28 steamdeck systemd[1]: Finished File System Check on /dev/disk/by-partsets/self/efi.
Jan 05 21:09:28 steamdeck kernel: input: Valve Software Steam Controller as /devices/pci0000:00/0000:00:08.1/0000:04:00.4/usb3/3-3/3-3:1.1/0003:28DE:1205.0002/input/input6
Jan 05 21:09:28 steamdeck kernel: ACPI: video: Video Device [VGA1] (multi-head: yes  rom: no  post: no)
Jan 05 21:09:28 steamdeck kernel: input: Video Bus as /devices/LNXSYSTM:00/LNXSYBUS:00/PNP0A08:00/device:0d/LNXVIDEO:01/input/input7
Jan 05 21:09:28 steamdeck systemd[1]: Finished File System Check on /dev/disk/by-partsets/shared/esp.
Jan 05 21:09:28 steamdeck kernel: input: FTS3528:00 2808:1015 Touchscreen as /devices/platform/AMDI0010:01/i2c-1/i2c-FTS3528:00/0018:2808:1015.0004/input/input8
Jan 05 21:09:28 steamdeck systemd[1]: Finished File System Check on /dev/disk/by-partsets/shared/home.
Jan 05 21:09:28 steamdeck kernel: hid-steam 0003:28DE:1205.0002: input,hidraw1: USB HID v1.10 Keyboard [Valve Software Steam Controller] on usb-0000:04:00.4-3/input1
Jan 05 21:09:28 steamdeck kernel: input: FTS3528:00 2808:1015 as /devices/platform/AMDI0010:01/i2c-1/i2c-FTS3528:00/0018:2808:1015.0004/input/input10
Jan 05 21:09:28 steamdeck kernel: hid-generic 0018:2808:1015.0004: input,hidraw2: I2C HID v1.00 Device [FTS3528:00 2808:1015] on i2c-FTS3528:00
Jan 05 21:09:28 steamdeck kernel: hid-steam 0003:28DE:1205.0003: hiddev96: USB HID v1.10 Device [Valve Software Steam Controller] on usb-0000:04:00.4-3/input2
Jan 05 21:09:28 steamdeck systemd[1]: Mounting /efi...
Jan 05 21:09:28 steamdeck systemd[1]: Mounting /esp...
Jan 05 21:09:28 steamdeck systemd[1]: Mounting /home...
Jan 05 21:09:28 steamdeck kernel: EXT4-fs (nvme0n1p8): Using encoding defined by superblock: utf8-12.1.0 with flags 0x0
Jan 05 21:09:28 steamdeck systemd[1]: Mounted /esp.
Jan 05 21:09:28 steamdeck kernel: Module tpm is blacklisted
Jan 05 21:09:28 steamdeck systemd[1]: Mounted /efi.
Jan 05 21:09:28 steamdeck kernel: Module tpm is blacklisted
Jan 05 21:09:28 steamdeck kernel: hid-steam 0003:28DE:1205.0003: Steam Controller 'FVAA2331121D' connected
Jan 05 21:09:28 steamdeck kernel: EXT4-fs (nvme0n1p8): mounted filesystem with ordered data mode. Quota mode: none.
Jan 05 21:09:28 steamdeck kernel: input: PC Speaker as /devices/platform/pcspkr/input/input11
Jan 05 21:09:28 steamdeck kernel: sp5100_tco: SP5100/SB800 TCO WatchDog Timer Driver
Jan 05 21:09:28 steamdeck kernel: input: Steam Deck as /devices/pci0000:00/0000:00:08.1/0000:04:00.4/usb3/3-3/3-3:1.2/0003:28DE:1205.0003/input/input12
Jan 05 21:09:28 steamdeck kernel: hid-steam 0003:28DE:1205.0005: hidraw3: USB HID v1.10 Device [Valve Software Steam Controller] on usb-0000:04:00.4-3/input2
Jan 05 21:09:28 steamdeck kernel: sp5100-tco sp5100-tco: Using 0xfed80b00 for watchdog MMIO address
Jan 05 21:09:28 steamdeck kernel: sp5100-tco sp5100-tco: initialized. heartbeat=60 sec (nowayout=0)
Jan 05 21:09:28 steamdeck systemd[1]: Mounted /home.
Jan 05 21:09:28 steamdeck systemd[1]: Create Swap File was skipped because of an unmet condition check (ConditionPathExists=!/home/swapfile).
Jan 05 21:09:28 steamdeck systemd[1]: Activating swap Swap...
Jan 05 21:09:28 steamdeck systemd[1]: Starting Grow File System on /home...
Jan 05 21:09:28 steamdeck kernel: Adding 16777212k swap on /home/swapfile.  Priority:-2 extents:126 across:270671868k SSFS
Jan 05 21:09:28 steamdeck systemd[1]: Mounting SteamOS Offload - /nix...
Jan 05 21:09:28 steamdeck systemd[1]: Mounting SteamOS Offload - /opt...
Jan 05 21:09:28 steamdeck systemd[1]: Mounting SteamOS Offload - /root...
Jan 05 21:09:28 steamdeck systemd[1]: srv.mount: Directory /srv to mount over is not empty, mounting anyway.
Jan 05 21:09:28 steamdeck systemd[1]: Mounting SteamOS Offload - /srv...
Jan 05 21:09:28 steamdeck kernel: EXT4-fs (nvme0n1p8): resizing filesystem from 122241361 to 122241361 blocks
Jan 05 21:09:28 steamdeck systemd[1]: Mounting SteamOS Offload - /var/cache/pacman...
Jan 05 21:09:28 steamdeck systemd-growfs[448]: Successfully resized "/home" to 466.3G bytes.
Jan 05 21:09:28 steamdeck systemd[1]: Mounting SteamOS Offload - /var/lib/docker...
Jan 05 21:09:28 steamdeck systemd[1]: Mounting SteamOS Offload - /var/lib/flatpak...
Jan 05 21:09:28 steamdeck kernel: snd_pci_acp5x 0000:04:00.5: enabling device (0000 -> 0002)
Jan 05 21:09:28 steamdeck systemd[1]: Mounting SteamOS Offload - /var/lib/steamos-log-submitter...
Jan 05 21:09:28 steamdeck systemd[1]: Mounting SteamOS Offload - /var/lib/systemd/coredump...
Jan 05 21:09:28 steamdeck systemd[1]: Mounting SteamOS Offload - /var/log...
Jan 05 21:09:28 steamdeck kernel: RAPL PMU: API unit is 2^-32 Joules, 1 fixed counters, 163840 ms ovfl timer
Jan 05 21:09:28 steamdeck kernel: RAPL PMU: hw unit of domain package 2^-16 Joules
Jan 05 21:09:28 steamdeck systemd[1]: Mounting SteamOS Offload - /var/tmp...
Jan 05 21:09:28 steamdeck systemd[1]: Activated swap Swap.
Jan 05 21:09:29 steamdeck systemd[1]: Finished Grow File System on /home.
Jan 05 21:09:29 steamdeck systemd[1]: Mounted SteamOS Offload - /nix.
Jan 05 21:09:29 steamdeck systemd[1]: Mounted SteamOS Offload - /opt.
Jan 05 21:09:29 steamdeck systemd[1]: Mounted SteamOS Offload - /root.
Jan 05 21:09:29 steamdeck systemd[1]: Mounted SteamOS Offload - /srv.
Jan 05 21:09:29 steamdeck systemd[1]: Mounted SteamOS Offload - /var/cache/pacman.
Jan 05 21:09:29 steamdeck systemd[1]: Mounted SteamOS Offload - /var/lib/docker.
Jan 05 21:09:29 steamdeck systemd[1]: Mounted SteamOS Offload - /var/lib/flatpak.
Jan 05 21:09:29 steamdeck systemd[1]: Mounted SteamOS Offload - /var/lib/steamos-log-submitter.
Jan 05 21:09:29 steamdeck systemd[1]: Mounted SteamOS Offload - /var/lib/systemd/coredump.
Jan 05 21:09:29 steamdeck systemd[1]: Mounted SteamOS Offload - /var/log.
Jan 05 21:09:29 steamdeck systemd[1]: Mounted SteamOS Offload - /var/tmp.
Jan 05 21:09:29 steamdeck systemd[1]: Reached target SteamOS Offload.
Jan 05 21:09:29 steamdeck systemd[1]: Reached target Swaps.
Jan 05 21:09:29 steamdeck systemd[1]: Listening on Load/Save RF Kill Switch Status /dev/rfkill Watch.
Jan 05 21:09:29 steamdeck kernel: cryptd: max_cpu_qlen set to 1000
Jan 05 21:09:29 steamdeck kernel: mousedev: PS/2 mouse device common for all mice
Jan 05 21:09:29 steamdeck kernel: Bluetooth: Core ver 2.22
Jan 05 21:09:29 steamdeck kernel: NET: Registered PF_BLUETOOTH protocol family
Jan 05 21:09:29 steamdeck kernel: Bluetooth: HCI device and connection manager initialized
Jan 05 21:09:29 steamdeck kernel: Bluetooth: HCI socket layer initialized
Jan 05 21:09:29 steamdeck kernel: Bluetooth: L2CAP socket layer initialized
Jan 05 21:09:29 steamdeck kernel: Bluetooth: SCO socket layer initialized
Jan 05 21:09:29 steamdeck systemd[1]: Mounting Temporary Directory /tmp...
Jan 05 21:09:29 steamdeck systemd[1]: Starting Flush Journal to Persistent Storage...
Jan 05 21:09:29 steamdeck systemd[1]: Mounted Temporary Directory /tmp.
Jan 05 21:09:29 steamdeck systemd[1]: Reached target Local File Systems.
Jan 05 21:09:29 steamdeck systemd-journald[367]: Time spent on flushing to /var/log/journal/013519e787e24b8c886e4f3a7d510696 is 41.413ms for 1028 entries.
Jan 05 21:09:29 steamdeck systemd-journald[367]: System Journal (/var/log/journal/013519e787e24b8c886e4f3a7d510696) is 49.5M, max 50.0M, 460.0K free.
Jan 05 21:09:29 steamdeck systemd-journald[367]: Received client request to flush runtime journal.
Jan 05 21:09:29 steamdeck systemd-journald[367]: /var/log/journal/013519e787e24b8c886e4f3a7d510696/system.journal: Monotonic clock jumped backwards relative to last journal entry, rotating.
Jan 05 21:09:29 steamdeck systemd-journald[367]: Rotating system journal.
Jan 05 21:09:29 steamdeck kernel: cfg80211: Loading compiled-in X.509 certificates for regulatory database
Jan 05 21:09:29 steamdeck kernel: cfg80211: Loaded X.509 cert 'sforshee: 00b28ddf47aef9cea7'
Jan 05 21:09:29 steamdeck systemd[1]: Rebuild Dynamic Linker Cache was skipped because no trigger condition checks were met.
Jan 05 21:09:29 steamdeck systemd[1]: SteamOS Chainloader Installation was skipped because of an unmet condition check (ConditionPathExists=!/esp/efi/boot/bootx64.efi).
Jan 05 21:09:29 steamdeck systemd[1]: Set Up Additional Binary Formats was skipped because no trigger condition checks were met.
Jan 05 21:09:29 steamdeck systemd[1]: Update Boot Loader Random Seed was skipped because no trigger condition checks were met.
Jan 05 21:09:29 steamdeck systemd[1]: Commit a transient machine-id on disk was skipped because of an unmet condition check (ConditionPathIsMountPoint=/etc/machine-id).
Jan 05 21:09:29 steamdeck (udev-worker)[410]: cfg80211: Process '/usr/bin/set-wireless-regdom' failed with exit code 1.
Jan 05 21:09:29 steamdeck kernel: AVX2 version of gcm_enc/dec engaged.
Jan 05 21:09:29 steamdeck kernel: AES CTR mode by8 optimization enabled
Jan 05 21:09:29 steamdeck kernel: cs35l41 spi-VLV1776:00: supply VA not found, using dummy regulator
Jan 05 21:09:29 steamdeck kernel: cs35l41 spi-VLV1776:00: supply VP not found, using dummy regulator
Jan 05 21:09:29 steamdeck kernel: snd_hda_intel 0000:04:00.1: enabling device (0000 -> 0002)
Jan 05 21:09:29 steamdeck kernel: snd_hda_intel 0000:04:00.1: Handle vga_switcheroo audio client
Jan 05 21:09:29 steamdeck kernel: cs35l41 spi-VLV1776:00: Cirrus Logic CS35L41 (35a40), Revision: B2
Jan 05 21:09:29 steamdeck systemd[1]: Finished Flush Journal to Persistent Storage.
Jan 05 21:09:29 steamdeck kernel: input: HD-Audio Generic HDMI/DP,pcm=3 as /devices/pci0000:00/0000:00:08.1/0000:04:00.1/sound/card0/input14
Jan 05 21:09:29 steamdeck kernel: cs35l41 spi-VLV1776:01: supply VA not found, using dummy regulator
Jan 05 21:09:29 steamdeck kernel: cs35l41 spi-VLV1776:01: supply VP not found, using dummy regulator
Jan 05 21:09:29 steamdeck kernel: cs35l41 spi-VLV1776:01: Reset line busy, assuming shared reset
Jan 05 21:09:29 steamdeck kernel: input: AT Translated Set 2 keyboard as /devices/platform/i8042/serio0/input/input13
Jan 05 21:09:29 steamdeck kernel: cs35l41 spi-VLV1776:01: Cirrus Logic CS35L41 (35a40), Revision: B2
Jan 05 21:09:29 steamdeck systemd[1]: Starting Create Volatile Files and Directories...
Jan 05 21:09:29 steamdeck systemd[1]: Created slice Slice /system/steamos-automount.
Jan 05 21:09:29 steamdeck systemd[1]: Rebuild Dynamic Linker Cache was skipped because no trigger condition checks were met.
Jan 05 21:09:29 steamdeck systemd[1]: SteamOS Chainloader Installation was skipped because of an unmet condition check (ConditionPathExists=!/esp/efi/boot/bootx64.efi).
Jan 05 21:09:29 steamdeck systemd[1]: Set Up Additional Binary Formats was skipped because no trigger condition checks were met.
Jan 05 21:09:29 steamdeck systemd[1]: Update Boot Loader Random Seed was skipped because no trigger condition checks were met.
Jan 05 21:09:29 steamdeck systemd[1]: First Boot Wizard was skipped because of an unmet condition check (ConditionFirstBoot=yes).
Jan 05 21:09:29 steamdeck systemd[1]: First Boot Complete was skipped because of an unmet condition check (ConditionFirstBoot=yes).
Jan 05 21:09:29 steamdeck systemd[1]: Rebuild Hardware Database was skipped because of an unmet condition check (ConditionNeedsUpdate=/etc).
Jan 05 21:09:29 steamdeck systemd[1]: Commit a transient machine-id on disk was skipped because of an unmet condition check (ConditionPathIsMountPoint=/etc/machine-id).
Jan 05 21:09:29 steamdeck systemd[1]: TPM2 PCR Machine ID Measurement was skipped because of an unmet condition check (ConditionPathExists=/sys/firmware/efi/efivars/StubPcrKernelImage-4a67b082-0a4c-41cf-b6c7-440b29bb8c4f).
Jan 05 21:09:29 steamdeck systemd[1]: Create System Users was skipped because no trigger condition checks were met.
Jan 05 21:09:29 steamdeck systemd-tmpfiles[516]: /usr/lib/tmpfiles.d/steamos.conf:6: Duplicate line for path "/root", ignoring.
Jan 05 21:09:29 steamdeck systemd-tmpfiles[516]: /usr/lib/tmpfiles.d/steamos.conf:23: Duplicate line for path "/var/empty", ignoring.
Jan 05 21:09:29 steamdeck kernel: usbcore: registered new interface driver btusb
Jan 05 21:09:29 steamdeck systemd[1]: Starting Load/Save RF Kill Switch Status...
Jan 05 21:09:29 steamdeck systemd[1]: Rebuild Dynamic Linker Cache was skipped because no trigger condition checks were met.
Jan 05 21:09:29 steamdeck systemd[1]: SteamOS Chainloader Installation was skipped because of an unmet condition check (ConditionPathExists=!/esp/efi/boot/bootx64.efi).
Jan 05 21:09:29 steamdeck systemd[1]: Set Up Additional Binary Formats was skipped because no trigger condition checks were met.
Jan 05 21:09:29 steamdeck systemd[1]: Update Boot Loader Random Seed was skipped because no trigger condition checks were met.
Jan 05 21:09:29 steamdeck systemd[1]: First Boot Wizard was skipped because of an unmet condition check (ConditionFirstBoot=yes).
Jan 05 21:09:29 steamdeck systemd[1]: First Boot Complete was skipped because of an unmet condition check (ConditionFirstBoot=yes).
Jan 05 21:09:29 steamdeck systemd[1]: Rebuild Hardware Database was skipped because of an unmet condition check (ConditionNeedsUpdate=/etc).
Jan 05 21:09:29 steamdeck systemd[1]: Commit a transient machine-id on disk was skipped because of an unmet condition check (ConditionPathIsMountPoint=/etc/machine-id).
Jan 05 21:09:29 steamdeck systemd[1]: TPM2 PCR Machine ID Measurement was skipped because of an unmet condition check (ConditionPathExists=/sys/firmware/efi/efivars/StubPcrKernelImage-4a67b082-0a4c-41cf-b6c7-440b29bb8c4f).
